{"timestamp": "2026-08-07T06:43:32Z", "level": "INFO", "logger": "RentalMiddleware", "component": "Test", "message": "Phase 3 logging test"}
{"timestamp": "2026-08-07T06:48:59Z", "level": "INFO", "logger": "RentalMiddleware", "component": "Queue", "message": "Background Queue Worker thread started."}
{"timestamp": "2026-08-07T06:49:48Z", "level": "INFO", "logger": "RentalMiddleware", "component": "Queue", "message": "Background Queue Worker thread started."}
{"timestamp": "2026-08-07T06:50:13Z", "level": "INFO", "logger": "RentalMiddleware", "component": "Queue", "message": "Background Queue Worker thread started."}
{"timestamp": "2026-08-07T06:54:18Z", "level": "INFO", "logger": "RentalMiddleware", "component": "Synchronization", "message": "Equipment sync error: HTTPConnectionPool(host='localhost', port=8000): Max retries exceeded with url: /api/equipment (Caused by NewConnectionError(\"HTTPConnection(host='localhost', port=8000): Failed to establish a new connection: [WinError 10061] No connection could be made because the target machine actively refused it\"))"}
{"timestamp": "2026-08-07T06:54:20Z", "level": "INFO", "logger": "RentalMiddleware", "component": "Synchronization", "message": "Equipment sync error: HTTPConnectionPool(host='localhost', port=8000): Max retries exceeded with url: /api/equipment (Caused by NewConnectionError(\"HTTPConnection(host='localhost', port=8000): Failed to establish a new connection: [WinError 10061] No connection could be made because the target machine actively refused it\"))"}
{"timestamp": "2026-08-07T06:54:59Z", "level": "INFO", "logger": "RentalMiddleware", "component": "Synchronization", "message": "Customer sync error: HTTPConnectionPool(host='localhost', port=8000): Max retries exceeded with url: /api/customers (Caused by NewConnectionError(\"HTTPConnection(host='localhost', port=8000): Failed to establish a new connection: [WinError 10061] No connection could be made because the target machine actively refused it\"))"}
{"timestamp": "2026-08-07T07:13:24Z", "level": "INFO", "logger": "RentalMiddleware", "component": "Queue", "message": "Background Queue Worker thread stopped."}
{"timestamp": "2026-08-07T07:13:26Z", "level": "INFO", "logger": "RentalMiddleware", "component": "Queue", "message": "Background Queue Worker thread started."}
{"timestamp": "2026-08-07T07:13:32Z", "level": "INFO", "logger": "RentalMiddleware", "component": "Queue", "message": "Background Queue Worker thread stopped."}
{"timestamp": "2026-08-07T07:13:32Z", "level": "INFO", "logger": "RentalMiddleware", "component": "Queue", "message": "Background Queue Worker thread started."}
{"timestamp": "2026-08-07T07:23:12Z", "level": "INFO", "logger": "RentalMiddleware", "component": "Queue", "message": "Background Queue Worker thread stopped."}
{"timestamp": "2026-08-07T07:29:29Z", "level": "INFO", "logger": "RentalMiddleware", "component": "Queue", "message": "Background Queue Worker thread started."}
{"timestamp": "2026-08-07T07:29:38Z", "level": "INFO", "logger": "RentalMiddleware", "component": "Queue", "message": "Background Queue Worker thread started."}
{"timestamp": "2026-08-07T07:30:47Z", "level": "INFO", "logger": "RentalMiddleware", "component": "Queue", "message": "Background Queue Worker thread started."}
{"timestamp": "2026-08-07T08:43:24Z", "level": "INFO", "logger": "RentalMiddleware", "component": "Queue", "message": "Background Queue Worker thread stopped."}
{"timestamp": "2026-08-07T08:43:28Z", "level": "INFO", "logger": "RentalMiddleware", "component": "Queue", "message": "Background Queue Worker thread started."}
{"timestamp": "2026-08-07T08:44:05Z", "level": "INFO", "logger": "RentalMiddleware", "component": "Queue", "message": "Background Queue Worker thread started."}
{"timestamp": "2026-08-07T08:44:20Z", "level": "INFO", "logger": "RentalMiddleware", "component": "Scheduler", "message": "Sync scheduler started with 10 minute interval."}
{"timestamp": "2026-08-07T08:46:43Z", "level": "INFO", "logger": "RentalMiddleware", "component": "Synchronization", "message": "Customer sync error: Expecting value: line 2 column 1 (char 1)"}
{"timestamp": "2026-08-07T08:47:40Z", "level": "INFO", "logger": "RentalMiddleware", "component": "Scheduler", "message": "Sync scheduler stopped."}
{"timestamp": "2026-08-07T08:47:41Z", "level": "INFO", "logger": "RentalMiddleware", "component": "Queue", "message": "Background Queue Worker thread stopped."}
{"timestamp": "2026-08-07T08:47:42Z", "level": "INFO", "logger": "RentalMiddleware", "component": "Queue", "message": "Background Queue Worker thread started."}
{"timestamp": "2026-08-07T08:47:42Z", "level": "INFO", "logger": "RentalMiddleware", "component": "Scheduler", "message": "Sync scheduler started with 10 minute interval."}
{"timestamp": "2026-08-07T08:49:29Z", "level": "INFO", "logger": "RentalMiddleware", "component": "Scheduler", "message": "Sync scheduler stopped."}
{"timestamp": "2026-08-07T08:49:29Z", "level": "INFO", "logger": "RentalMiddleware", "component": "Queue", "message": "Background Queue Worker thread stopped."}
{"timestamp": "2026-08-07T08:49:32Z", "level": "INFO", "logger": "RentalMiddleware", "component": "Queue", "message": "Background Queue Worker thread started."}
{"timestamp": "2026-08-07T08:49:32Z", "level": "INFO", "logger": "RentalMiddleware", "component": "Scheduler", "message": "Sync scheduler started with 10 minute interval."}
{"timestamp": "2026-08-07T08:49:48Z", "level": "INFO", "logger": "RentalMiddleware", "component": "Synchronization", "message": "Customer sync error: RentAsst API at http://localhost:8000/api/customers returned invalid non-JSON response (Status 200): <html><body><div id=\"root\"></div></body></html>"}
{"timestamp": "2026-08-07T08:50:22Z", "level": "INFO", "logger": "RentalMiddleware", "component": "Scheduler", "message": "Sync scheduler stopped."}
{"timestamp": "2026-08-07T08:50:22Z", "level": "INFO", "logger": "RentalMiddleware", "component": "Queue", "message": "Background Queue Worker thread stopped."}
{"timestamp": "2026-08-07T08:50:23Z", "level": "INFO", "logger": "RentalMiddleware", "component": "Queue", "message": "Background Queue Worker thread started."}
{"timestamp": "2026-08-07T08:50:23Z", "level": "INFO", "logger": "RentalMiddleware", "component": "Scheduler", "message": "Sync scheduler started with 10 minute interval."}
{"timestamp": "2026-08-07T08:52:06Z", "level": "INFO", "logger": "RentalMiddleware", "component": "Synchronization", "message": "Customer sync error: RentAsst API at http://localhost:8000/api/customers returned invalid non-JSON response (Status 200): <html><body><div id=\"root\"></div></body></html>"}
{"timestamp": "2026-08-07T08:52:11Z", "level": "INFO", "logger": "RentalMiddleware", "component": "Synchronization", "message": "Customer sync error: RentAsst API at http://localhost:8000/api/customers returned invalid non-JSON response (Status 200): <html><body><div id=\"root\"></div></body></html>"}
{"timestamp": "2026-08-07T08:52:13Z", "level": "INFO", "logger": "RentalMiddleware", "component": "Synchronization", "message": "Customer sync error: RentAsst API at http://localhost:8000/api/customers returned invalid non-JSON response (Status 200): <html><body><div id=\"root\"></div></body></html>"}
{"timestamp": "2026-08-07T08:52:16Z", "level": "INFO", "logger": "RentalMiddleware", "component": "Synchronization", "message": "Customer sync error: RentAsst API at http://localhost:8000/api/customers returned invalid non-JSON response (Status 200): <html><body><div id=\"root\"></div></body></html>"}
{"timestamp": "2026-08-07T08:52:17Z", "level": "INFO", "logger": "RentalMiddleware", "component": "Synchronization", "message": "Customer sync error: HTTPConnectionPool(host='localhost', port=8000): Read timed out. (read timeout=10)"}
{"timestamp": "2026-08-07T08:52:25Z", "level": "INFO", "logger": "RentalMiddleware", "component": "Synchronization", "message": "Invoice sync error: 401 Client Error: Unauthorized for url: http://localhost:8000/api/invoices"}
{"timestamp": "2026-08-07T08:52:27Z", "level": "INFO", "logger": "RentalMiddleware", "component": "Synchronization", "message": "Invoice sync error: 401 Client Error: Unauthorized for url: http://localhost:8000/api/invoices"}
{"timestamp": "2026-08-07T08:52:27Z", "level": "INFO", "logger": "RentalMiddleware", "component": "Synchronization", "message": "Invoice sync error: 401 Client Error: Unauthorized for url: http://localhost:8000/api/invoices"}
{"timestamp": "2026-08-07T08:52:28Z", "level": "INFO", "logger": "RentalMiddleware", "component": "Synchronization", "message": "Invoice sync error: 401 Client Error: Unauthorized for url: http://localhost:8000/api/invoices"}
{"timestamp": "2026-08-07T08:52:30Z", "level": "INFO", "logger": "RentalMiddleware", "component": "Synchronization", "message": "Invoice sync error: 401 Client Error: Unauthorized for url: http://localhost:8000/api/invoices"}
{"timestamp": "2026-08-07T08:52:30Z", "level": "INFO", "logger": "RentalMiddleware", "component": "Synchronization", "message": "Invoice sync error: 401 Client Error: Unauthorized for url: http://localhost:8000/api/invoices"}
{"timestamp": "2026-08-07T08:52:33Z", "level": "INFO", "logger": "RentalMiddleware", "component": "Synchronization", "message": "Payment sync error: RentAsst API at http://localhost:8000/api/payments returned invalid non-JSON response (Status 200): <html><body><div id=\"root\"></div></body></html>"}
{"timestamp": "2026-08-07T08:52:35Z", "level": "INFO", "logger": "RentalMiddleware", "component": "Synchronization", "message": "Payment sync error: RentAsst API at http://localhost:8000/api/payments returned invalid non-JSON response (Status 200): <html><body><div id=\"root\"></div></body></html>"}
{"timestamp": "2026-08-07T08:52:39Z", "level": "INFO", "logger": "RentalMiddleware", "component": "Synchronization", "message": "Payment sync error: HTTPConnectionPool(host='localhost', port=8000): Read timed out. (read timeout=10)"}
{"timestamp": "2026-08-07T08:52:40Z", "level": "INFO", "logger": "RentalMiddleware", "component": "Synchronization", "message": "Equipment sync error: HTTPConnectionPool(host='localhost', port=8000): Read timed out. (read timeout=10)"}
{"timestamp": "2026-08-07T08:52:41Z", "level": "INFO", "logger": "RentalMiddleware", "component": "Synchronization", "message": "Equipment sync error: HTTPConnectionPool(host='localhost', port=8000): Read timed out. (read timeout=10)"}
{"timestamp": "2026-08-07T08:58:52Z", "level": "INFO", "logger": "RentalMiddleware", "component": "Synchronization", "message": "Customer sync error: RentAsst API at http://localhost:8000/api/customers returned invalid non-JSON response (Status 200): <html><body><div id=\"root\"></div></body></html>"}
{"timestamp": "2026-08-07T09:00:23Z", "level": "INFO", "logger": "RentalMiddleware", "component": "Scheduler", "message": "Executing scheduled sync job enqueue..."}
{"timestamp": "2026-08-07T09:00:23Z", "level": "INFO", "logger": "RentalMiddleware", "component": "Scheduler", "message": "Scheduled enqueue completed. Enqueued 5 entity jobs."}
{"timestamp": "2026-08-07T09:00:23Z", "level": "INFO", "logger": "RentalMiddleware", "component": "Queue", "message": "Worker claimed job #1 for entity 'customers' (Attempt 1/3)"}
{"timestamp": "2026-08-07T09:00:23Z", "level": "INFO", "logger": "RentalMiddleware", "component": "Queue", "message": "Worker claimed job #2 for entity 'equipment' (Attempt 1/3)"}
{"timestamp": "2026-08-07T09:00:23Z", "level": "INFO", "logger": "RentalMiddleware", "component": "Queue", "message": "Worker claimed job #3 for entity 'rental_orders' (Attempt 1/3)"}
{"timestamp": "2026-08-07T09:00:23Z", "level": "INFO", "logger": "RentalMiddleware", "component": "Queue", "message": "Worker claimed job #4 for entity 'invoices' (Attempt 1/3)"}
{"timestamp": "2026-08-07T09:00:25Z", "level": "INFO", "logger": "RentalMiddleware", "component": "Scheduler", "message": "Sync scheduler stopped."}
{"timestamp": "2026-08-07T09:00:25Z", "level": "INFO", "logger": "RentalMiddleware", "component": "Queue", "message": "Background Queue Worker thread stopped."}
{"timestamp": "2026-08-07T09:00:27Z", "level": "INFO", "logger": "RentalMiddleware", "component": "Synchronization", "message": "Customer sync error: RentAsst API at http://localhost:8000/api/customers returned invalid non-JSON response (Status 200): <html><body><div id=\"root\"></div></body></html>"}
{"timestamp": "2026-08-07T09:00:27Z", "level": "INFO", "logger": "RentalMiddleware", "component": "Queue", "message": "Job #1 ('customers') failed with transient error: RentAsst API at http://localhost:8000/api/customers returned invalid non-JSON response (Status 200): <html><body><div id=\"root\"></div></body></html>. Retrying in 300s.", "duration_ms": 3208.5485458374023, "metadata": {"error": "RentAsst API at http://localhost:8000/api/customers returned invalid non-JSON response (Status 200): <html><body><div id=\"root\"></div></body></html>", "next_attempt": 1}}
{"timestamp": "2026-08-07T09:00:27Z", "level": "INFO", "logger": "RentalMiddleware", "component": "Queue", "message": "Worker claimed job #5 for entity 'payments' (Attempt 1/3)"}
{"timestamp": "2026-08-07T09:00:29Z", "level": "INFO", "logger": "RentalMiddleware", "component": "Synchronization", "message": "Rental_order sync error: RentAsst API at http://localhost:8000/api/rental-orders returned invalid non-JSON response (Status 200): <html><body><div id=\"root\"></div></body></html>"}
{"timestamp": "2026-08-07T09:00:29Z", "level": "INFO", "logger": "RentalMiddleware", "component": "Queue", "message": "Job #3 ('rental_orders') failed with transient error: RentAsst API at http://localhost:8000/api/rental-orders returned invalid non-JSON response (Status 200): <html><body><div id=\"root\"></div></body></html>. Retrying in 300s.", "duration_ms": 5441.91575050354, "metadata": {"error": "RentAsst API at http://localhost:8000/api/rental-orders returned invalid non-JSON response (Status 200): <html><body><div id=\"root\"></div></body></html>", "next_attempt": 1}}
{"timestamp": "2026-08-07T09:00:30Z", "level": "INFO", "logger": "RentalMiddleware", "component": "Synchronization", "message": "Invoice sync error: 401 Client Error: Unauthorized for url: http://localhost:8000/api/invoices"}
{"timestamp": "2026-08-07T09:00:30Z", "level": "INFO", "logger": "RentalMiddleware", "component": "Queue", "message": "Job #4 ('invoices') permanently failed: 401 Client Error: Unauthorized for url: http://localhost:8000/api/invoices. Moving to dead letters.", "duration_ms": 6203.876972198486, "metadata": {"error": "401 Client Error: Unauthorized for url: http://localhost:8000/api/invoices", "attempts": 1}}
{"timestamp": "2026-08-07T09:00:32Z", "level": "INFO", "logger": "RentalMiddleware", "component": "Synchronization", "message": "Equipment sync error: RentAsst API at http://localhost:8000/api/equipment returned invalid non-JSON response (Status 200): <html><body><div id=\"root\"></div></body></html>"}
{"timestamp": "2026-08-07T09:00:32Z", "level": "INFO", "logger": "RentalMiddleware", "component": "Queue", "message": "Job #2 ('equipment') failed with transient error: RentAsst API at http://localhost:8000/api/equipment returned invalid non-JSON response (Status 200): <html><body><div id=\"root\"></div></body></html>. Retrying in 300s.", "duration_ms": 8465.189456939697, "metadata": {"error": "RentAsst API at http://localhost:8000/api/equipment returned invalid non-JSON response (Status 200): <html><body><div id=\"root\"></div></body></html>", "next_attempt": 1}}
{"timestamp": "2026-08-07T09:00:34Z", "level": "INFO", "logger": "RentalMiddleware", "component": "Synchronization", "message": "Payment sync error: RentAsst API at http://localhost:8000/api/payments returned invalid non-JSON response (Status 200): <html><body><div id=\"root\"></div></body></html>"}
{"timestamp": "2026-08-07T09:00:34Z", "level": "INFO", "logger": "RentalMiddleware", "component": "Queue", "message": "Job #5 ('payments') failed with transient error: RentAsst API at http://localhost:8000/api/payments returned invalid non-JSON response (Status 200): <html><body><div id=\"root\"></div></body></html>. Retrying in 300s.", "duration_ms": 7462.711811065674, "metadata": {"error": "RentAsst API at http://localhost:8000/api/payments returned invalid non-JSON response (Status 200): <html><body><div id=\"root\"></div></body></html>", "next_attempt": 1}}
{"timestamp": "2026-08-07T09:00:35Z", "level": "INFO", "logger": "RentalMiddleware", "component": "Queue", "message": "Background Queue Worker thread started."}
{"timestamp": "2026-08-07T09:00:35Z", "level": "INFO", "logger": "RentalMiddleware", "component": "Scheduler", "message": "Sync scheduler started with 10 minute interval."}
{"timestamp": "2026-08-07T09:02:23Z", "level": "INFO", "logger": "RentalMiddleware", "component": "Synchronization", "message": "Customer sync error: RentAsst API at http://localhost:8000/api/customer-list returned invalid non-JSON response (Status 200): <html><body><div id=\"root\"></div></body></html>"}
{"timestamp": "2026-08-07T09:03:37Z", "level": "INFO", "logger": "RentalMiddleware", "component": "Scheduler", "message": "Sync scheduler stopped."}
{"timestamp": "2026-08-07T09:03:37Z", "level": "INFO", "logger": "RentalMiddleware", "component": "Queue", "message": "Background Queue Worker thread stopped."}
{"timestamp": "2026-08-07T09:03:42Z", "level": "INFO", "logger": "RentalMiddleware", "component": "Queue", "message": "Background Queue Worker thread started."}
{"timestamp": "2026-08-07T09:03:42Z", "level": "INFO", "logger": "RentalMiddleware", "component": "Scheduler", "message": "Sync scheduler started with 10 minute interval."}
{"timestamp": "2026-08-07T09:04:22Z", "level": "INFO", "logger": "RentalMiddleware", "component": "Queue", "message": "Worker claimed job #4 for entity 'invoices' (Attempt 1/3)"}
{"timestamp": "2026-08-07T09:04:25Z", "level": "INFO", "logger": "RentalMiddleware", "component": "Synchronization", "message": "Invoice sync error: RentAsst API at http://localhost:8000/api/invoice returned invalid non-JSON response (Status 200): <html><body><div id=\"root\"></div></body></html>"}
{"timestamp": "2026-08-07T09:04:25Z", "level": "INFO", "logger": "RentalMiddleware", "component": "Queue", "message": "Job #4 ('invoices') failed with transient error: RentAsst API at http://localhost:8000/api/invoice returned invalid non-JSON response (Status 200): <html><body><div id=\"root\"></div></body></html>. Retrying in 300s.", "duration_ms": 2567.6159858703613, "metadata": {"error": "RentAsst API at http://localhost:8000/api/invoice returned invalid non-JSON response (Status 200): <html><body><div id=\"root\"></div></body></html>", "next_attempt": 1}}
{"timestamp": "2026-08-07T09:05:27Z", "level": "INFO", "logger": "RentalMiddleware", "component": "Queue", "message": "Worker claimed job #1 for entity 'customers' (Attempt 2/3)"}
{"timestamp": "2026-08-07T09:05:29Z", "level": "INFO", "logger": "RentalMiddleware", "component": "Queue", "message": "Worker claimed job #3 for entity 'rental_orders' (Attempt 2/3)"}
{"timestamp": "2026-08-07T09:05:32Z", "level": "INFO", "logger": "RentalMiddleware", "component": "Queue", "message": "Worker claimed job #2 for entity 'equipment' (Attempt 2/3)"}
{"timestamp": "2026-08-07T09:05:34Z", "level": "INFO", "logger": "RentalMiddleware", "component": "Queue", "message": "Worker claimed job #5 for entity 'payments' (Attempt 2/3)"}
{"timestamp": "2026-08-07T09:05:36Z", "level": "INFO", "logger": "RentalMiddleware", "component": "Synchronization", "message": "Customer sync error: RentAsst API at http://localhost:8000/api/customer-list returned invalid non-JSON response (Status 200): <html><body><div id=\"root\"></div></body></html>"}
{"timestamp": "2026-08-07T09:05:36Z", "level": "INFO", "logger": "RentalMiddleware", "component": "Queue", "message": "Job #1 ('customers') failed with transient error: RentAsst API at http://localhost:8000/api/customer-list returned invalid non-JSON response (Status 200): <html><body><div id=\"root\"></div></body></html>. Retrying in 900s.", "duration_ms": 8411.977767944336, "metadata": {"error": "RentAsst API at http://localhost:8000/api/customer-list returned invalid non-JSON response (Status 200): <html><body><div id=\"root\"></div></body></html>", "next_attempt": 2}}
{"timestamp": "2026-08-07T09:05:43Z", "level": "INFO", "logger": "RentalMiddleware", "component": "Synchronization", "message": "Equipment sync error: RentAsst API at http://localhost:8000/api/equipment returned invalid non-JSON response (Status 200): <html><body><div id=\"root\"></div></body></html>"}
{"timestamp": "2026-08-07T09:05:43Z", "level": "INFO", "logger": "RentalMiddleware", "component": "Queue", "message": "Job #2 ('equipment') failed with transient error: RentAsst API at http://localhost:8000/api/equipment returned invalid non-JSON response (Status 200): <html><body><div id=\"root\"></div></body></html>. Retrying in 900s.", "duration_ms": 10389.323949813843, "metadata": {"error": "RentAsst API at http://localhost:8000/api/equipment returned invalid non-JSON response (Status 200): <html><body><div id=\"root\"></div></body></html>", "next_attempt": 2}}
{"timestamp": "2026-08-07T09:05:47Z", "level": "INFO", "logger": "RentalMiddleware", "component": "Synchronization", "message": "Rental_order sync error: RentAsst API at http://localhost:8000/api/rental_orders returned invalid non-JSON response (Status 200): <html><body><div id=\"root\"></div></body></html>"}
{"timestamp": "2026-08-07T09:05:47Z", "level": "INFO", "logger": "RentalMiddleware", "component": "Queue", "message": "Job #3 ('rental_orders') failed with transient error: RentAsst API at http://localhost:8000/api/rental_orders returned invalid non-JSON response (Status 200): <html><body><div id=\"root\"></div></body></html>. Retrying in 900s.", "duration_ms": 17801.506280899048, "metadata": {"error": "RentAsst API at http://localhost:8000/api/rental_orders returned invalid non-JSON response (Status 200): <html><body><div id=\"root\"></div></body></html>", "next_attempt": 2}}
{"timestamp": "2026-08-07T09:05:49Z", "level": "INFO", "logger": "RentalMiddleware", "component": "Synchronization", "message": "Payment sync error: RentAsst API at http://localhost:8000/api/payments returned invalid non-JSON response (Status 200): <html><body><div id=\"root\"></div></body></html>"}
{"timestamp": "2026-08-07T09:05:49Z", "level": "INFO", "logger": "RentalMiddleware", "component": "Queue", "message": "Job #5 ('payments') failed with transient error: RentAsst API at http://localhost:8000/api/payments returned invalid non-JSON response (Status 200): <html><body><div id=\"root\"></div></body></html>. Retrying in 900s.", "duration_ms": 14989.323616027832, "metadata": {"error": "RentAsst API at http://localhost:8000/api/payments returned invalid non-JSON response (Status 200): <html><body><div id=\"root\"></div></body></html>", "next_attempt": 2}}
{"timestamp": "2026-08-07T09:09:25Z", "level": "INFO", "logger": "RentalMiddleware", "component": "Queue", "message": "Worker claimed job #4 for entity 'invoices' (Attempt 2/3)"}
{"timestamp": "2026-08-07T09:09:28Z", "level": "INFO", "logger": "RentalMiddleware", "component": "Synchronization", "message": "Invoice sync error: RentAsst API at http://localhost:8000/api/invoice returned invalid non-JSON response (Status 200): <html><body><div id=\"root\"></div></body></html>"}
{"timestamp": "2026-08-07T09:09:28Z", "level": "INFO", "logger": "RentalMiddleware", "component": "Queue", "message": "Job #4 ('invoices') failed with transient error: RentAsst API at http://localhost:8000/api/invoice returned invalid non-JSON response (Status 200): <html><body><div id=\"root\"></div></body></html>. Retrying in 900s.", "duration_ms": 2442.939281463623, "metadata": {"error": "RentAsst API at http://localhost:8000/api/invoice returned invalid non-JSON response (Status 200): <html><body><div id=\"root\"></div></body></html>", "next_attempt": 2}}
{"timestamp": "2026-08-07T09:09:41Z", "level": "INFO", "logger": "RentalMiddleware", "component": "Scheduler", "message": "Sync scheduler stopped."}
{"timestamp": "2026-08-07T09:09:41Z", "level": "INFO", "logger": "RentalMiddleware", "component": "Queue", "message": "Background Queue Worker thread stopped."}
{"timestamp": "2026-08-07T09:09:42Z", "level": "INFO", "logger": "RentalMiddleware", "component": "Queue", "message": "Background Queue Worker thread started."}
{"timestamp": "2026-08-07T09:09:42Z", "level": "INFO", "logger": "RentalMiddleware", "component": "Scheduler", "message": "Sync scheduler started with 10 minute interval."}
{"timestamp": "2026-08-07T09:10:54Z", "level": "INFO", "logger": "RentalMiddleware", "component": "Scheduler", "message": "Sync scheduler stopped."}
{"timestamp": "2026-08-07T09:10:54Z", "level": "INFO", "logger": "RentalMiddleware", "component": "Queue", "message": "Background Queue Worker thread stopped."}
{"timestamp": "2026-08-07T09:10:57Z", "level": "INFO", "logger": "RentalMiddleware", "component": "Queue", "message": "Background Queue Worker thread started."}
{"timestamp": "2026-08-07T09:10:57Z", "level": "INFO", "logger": "RentalMiddleware", "component": "Scheduler", "message": "Sync scheduler started with 10 minute interval."}
{"timestamp": "2026-08-07T09:11:50Z", "level": "INFO", "logger": "RentalMiddleware", "component": "Synchronization", "message": "Customer sync error: RentAsst API at http://localhost:8000/api/customer-list returned invalid non-JSON response (Status 200): <html><body><div id=\"root\"></div></body></html>"}
{"timestamp": "2026-08-07T09:18:47Z", "level": "INFO", "logger": "RentalMiddleware", "component": "Scheduler", "message": "Sync scheduler stopped."}
{"timestamp": "2026-08-07T09:18:48Z", "level": "INFO", "logger": "RentalMiddleware", "component": "Queue", "message": "Background Queue Worker thread stopped."}
{"timestamp": "2026-08-07T09:18:48Z", "level": "INFO", "logger": "RentalMiddleware", "component": "Queue", "message": "Background Queue Worker thread started."}
{"timestamp": "2026-08-07T09:18:48Z", "level": "INFO", "logger": "RentalMiddleware", "component": "Scheduler", "message": "Sync scheduler started with 10 minute interval."}
{"timestamp": "2026-08-07T09:19:43Z", "level": "INFO", "logger": "RentalMiddleware", "component": "Scheduler", "message": "Sync scheduler stopped."}
{"timestamp": "2026-08-07T09:19:43Z", "level": "INFO", "logger": "RentalMiddleware", "component": "Queue", "message": "Background Queue Worker thread stopped."}
{"timestamp": "2026-08-07T09:19:46Z", "level": "INFO", "logger": "RentalMiddleware", "component": "Queue", "message": "Background Queue Worker thread started."}
{"timestamp": "2026-08-07T09:19:46Z", "level": "INFO", "logger": "RentalMiddleware", "component": "Scheduler", "message": "Sync scheduler started with 10 minute interval."}
{"timestamp": "2026-08-07T09:20:36Z", "level": "INFO", "logger": "RentalMiddleware", "component": "Queue", "message": "Worker claimed job #1 for entity 'customers' (Attempt 3/3)"}
{"timestamp": "2026-08-07T09:20:43Z", "level": "INFO", "logger": "RentalMiddleware", "component": "Queue", "message": "Worker claimed job #2 for entity 'equipment' (Attempt 3/3)"}
{"timestamp": "2026-08-07T09:20:45Z", "level": "INFO", "logger": "RentalMiddleware", "component": "Synchronization", "message": "Customer sync error: RentAsst API at http://localhost:8000/api/customer-list returned invalid non-JSON response (Status 200): <html><body><div id=\"root\"></div></body></html>"}
{"timestamp": "2026-08-07T09:20:45Z", "level": "INFO", "logger": "RentalMiddleware", "component": "Queue", "message": "Job #1 ('customers') permanently failed: RentAsst API at http://localhost:8000/api/customer-list returned invalid non-JSON response (Status 200): <html><body><div id=\"root\"></div></body></html>. Moving to dead letters.", "duration_ms": 8410.844326019287, "metadata": {"error": "RentAsst API at http://localhost:8000/api/customer-list returned invalid non-JSON response (Status 200): <html><body><div id=\"root\"></div></body></html>", "attempts": 3}}
{"timestamp": "2026-08-07T09:20:47Z", "level": "INFO", "logger": "RentalMiddleware", "component": "Queue", "message": "Worker claimed job #3 for entity 'rental_orders' (Attempt 3/3)"}
{"timestamp": "2026-08-07T09:20:49Z", "level": "INFO", "logger": "RentalMiddleware", "component": "Queue", "message": "Worker claimed job #5 for entity 'payments' (Attempt 3/3)"}
{"timestamp": "2026-08-07T09:20:52Z", "level": "INFO", "logger": "RentalMiddleware", "component": "Synchronization", "message": "Equipment sync error: RentAsst API at http://localhost:8000/api/equipment returned invalid non-JSON response (Status 200): <html><body><div id=\"root\"></div></body></html>"}
{"timestamp": "2026-08-07T09:20:52Z", "level": "INFO", "logger": "RentalMiddleware", "component": "Queue", "message": "Job #2 ('equipment') permanently failed: RentAsst API at http://localhost:8000/api/equipment returned invalid non-JSON response (Status 200): <html><body><div id=\"root\"></div></body></html>. Moving to dead letters.", "duration_ms": 8282.609701156616, "metadata": {"error": "RentAsst API at http://localhost:8000/api/equipment returned invalid non-JSON response (Status 200): <html><body><div id=\"root\"></div></body></html>", "attempts": 3}}
{"timestamp": "2026-08-07T09:21:03Z", "level": "INFO", "logger": "RentalMiddleware", "component": "Synchronization", "message": "Payment sync error: RentAsst API at http://localhost:8000/api/payments returned invalid non-JSON response (Status 200): <html><body><div id=\"root\"></div></body></html>"}
{"timestamp": "2026-08-07T09:21:03Z", "level": "INFO", "logger": "RentalMiddleware", "component": "Queue", "message": "Job #5 ('payments') permanently failed: RentAsst API at http://localhost:8000/api/payments returned invalid non-JSON response (Status 200): <html><body><div id=\"root\"></div></body></html>. Moving to dead letters.", "duration_ms": 13725.196123123169, "metadata": {"error": "RentAsst API at http://localhost:8000/api/payments returned invalid non-JSON response (Status 200): <html><body><div id=\"root\"></div></body></html>", "attempts": 3}}
{"timestamp": "2026-08-07T09:21:07Z", "level": "INFO", "logger": "RentalMiddleware", "component": "Synchronization", "message": "Rental_order sync error: RentAsst API at http://localhost:8000/api/rental_orders returned invalid non-JSON response (Status 200): <html><body><div id=\"root\"></div></body></html>"}
{"timestamp": "2026-08-07T09:21:07Z", "level": "INFO", "logger": "RentalMiddleware", "component": "Queue", "message": "Job #3 ('rental_orders') permanently failed: RentAsst API at http://localhost:8000/api/rental_orders returned invalid non-JSON response (Status 200): <html><body><div id=\"root\"></div></body></html>. Moving to dead letters.", "duration_ms": 20152.506589889526, "metadata": {"error": "RentAsst API at http://localhost:8000/api/rental_orders returned invalid non-JSON response (Status 200): <html><body><div id=\"root\"></div></body></html>", "attempts": 3}}
{"timestamp": "2026-08-07T09:23:46Z", "level": "INFO", "logger": "RentalMiddleware", "component": "Queue", "message": "Worker claimed job #1 for entity 'customers' (Attempt 1/3)"}
{"timestamp": "2026-08-07T09:23:46Z", "level": "INFO", "logger": "RentalMiddleware", "component": "Queue", "message": "Worker claimed job #2 for entity 'equipment' (Attempt 1/3)"}
{"timestamp": "2026-08-07T09:23:46Z", "level": "INFO", "logger": "RentalMiddleware", "component": "Queue", "message": "Worker claimed job #3 for entity 'rental_orders' (Attempt 1/3)"}
{"timestamp": "2026-08-07T09:23:46Z", "level": "INFO", "logger": "RentalMiddleware", "component": "Queue", "message": "Worker claimed job #5 for entity 'payments' (Attempt 1/3)"}
{"timestamp": "2026-08-07T09:23:51Z", "level": "INFO", "logger": "RentalMiddleware", "component": "Synchronization", "message": "Equipment sync error: RentAsst API at http://localhost:8000/api/equipment returned invalid non-JSON response (Status 200): <html><body><div id=\"root\"></div></body></html>"}
{"timestamp": "2026-08-07T09:23:51Z", "level": "INFO", "logger": "RentalMiddleware", "component": "Queue", "message": "Job #2 ('equipment') failed with transient error: RentAsst API at http://localhost:8000/api/equipment returned invalid non-JSON response (Status 200): <html><body><div id=\"root\"></div></body></html>. Retrying in 300s.", "duration_ms": 4260.423898696899, "metadata": {"error": "RentAsst API at http://localhost:8000/api/equipment returned invalid non-JSON response (Status 200): <html><body><div id=\"root\"></div></body></html>", "next_attempt": 1}}
{"timestamp": "2026-08-07T09:23:58Z", "level": "INFO", "logger": "RentalMiddleware", "component": "Synchronization", "message": "Payment sync error: HTTPConnectionPool(host='localhost', port=8000): Read timed out. (read timeout=10)"}
{"timestamp": "2026-08-07T09:23:58Z", "level": "INFO", "logger": "RentalMiddleware", "component": "Queue", "message": "Job #5 ('payments') failed with transient error: HTTPConnectionPool(host='localhost', port=8000): Read timed out. (read timeout=10). Retrying in 300s.", "duration_ms": 12073.270797729492, "metadata": {"error": "HTTPConnectionPool(host='localhost', port=8000): Read timed out. (read timeout=10)", "next_attempt": 1}}
{"timestamp": "2026-08-07T09:24:02Z", "level": "INFO", "logger": "RentalMiddleware", "component": "Synchronization", "message": "Customer sync error: RentAsst API at http://localhost:8000/api/customer-list returned invalid non-JSON response (Status 200): <html><body><div id=\"root\"></div></body></html>"}
{"timestamp": "2026-08-07T09:24:02Z", "level": "INFO", "logger": "RentalMiddleware", "component": "Queue", "message": "Job #1 ('customers') failed with transient error: RentAsst API at http://localhost:8000/api/customer-list returned invalid non-JSON response (Status 200): <html><body><div id=\"root\"></div></body></html>. Retrying in 300s.", "duration_ms": 15462.843179702759, "metadata": {"error": "RentAsst API at http://localhost:8000/api/customer-list returned invalid non-JSON response (Status 200): <html><body><div id=\"root\"></div></body></html>", "next_attempt": 1}}
{"timestamp": "2026-08-07T09:24:04Z", "level": "INFO", "logger": "RentalMiddleware", "component": "Synchronization", "message": "Rental_order sync error: RentAsst API at http://localhost:8000/api/rental_orders returned invalid non-JSON response (Status 200): <html><body><div id=\"root\"></div></body></html>"}
{"timestamp": "2026-08-07T09:24:04Z", "level": "INFO", "logger": "RentalMiddleware", "component": "Queue", "message": "Job #3 ('rental_orders') failed with transient error: RentAsst API at http://localhost:8000/api/rental_orders returned invalid non-JSON response (Status 200): <html><body><div id=\"root\"></div></body></html>. Retrying in 300s.", "duration_ms": 17647.06826210022, "metadata": {"error": "RentAsst API at http://localhost:8000/api/rental_orders returned invalid non-JSON response (Status 200): <html><body><div id=\"root\"></div></body></html>", "next_attempt": 1}}
{"timestamp": "2026-08-07T09:24:20Z", "level": "INFO", "logger": "RentalMiddleware", "component": "Scheduler", "message": "Sync scheduler stopped."}
{"timestamp": "2026-08-07T09:24:20Z", "level": "INFO", "logger": "RentalMiddleware", "component": "Queue", "message": "Background Queue Worker thread stopped."}
{"timestamp": "2026-08-07T09:24:21Z", "level": "INFO", "logger": "RentalMiddleware", "component": "Queue", "message": "Background Queue Worker thread started."}
{"timestamp": "2026-08-07T09:24:21Z", "level": "INFO", "logger": "RentalMiddleware", "component": "Scheduler", "message": "Sync scheduler started with 10 minute interval."}
{"timestamp": "2026-08-07T09:24:28Z", "level": "INFO", "logger": "RentalMiddleware", "component": "Queue", "message": "Worker claimed job #4 for entity 'invoices' (Attempt 3/3)"}
{"timestamp": "2026-08-07T09:24:28Z", "level": "INFO", "logger": "RentalMiddleware", "component": "Synchronization", "message": "Invoice sync error: RentAsst API 401 Unauthorized at http://localhost:8000/api/invoices. Check your API Key/Token."}
{"timestamp": "2026-08-07T09:24:28Z", "level": "INFO", "logger": "RentalMiddleware", "component": "Queue", "message": "Job #4 ('invoices') permanently failed: RentAsst API 401 Unauthorized at http://localhost:8000/api/invoices. Check your API Key/Token.. Moving to dead letters.", "duration_ms": 255.79118728637695, "metadata": {"error": "RentAsst API 401 Unauthorized at http://localhost:8000/api/invoices. Check your API Key/Token.", "attempts": 3}}
{"timestamp": "2026-08-07T09:26:56Z", "level": "INFO", "logger": "RentalMiddleware", "component": "Queue", "message": "Worker claimed job #4 for entity 'invoices' (Attempt 1/3)"}
{"timestamp": "2026-08-07T09:27:03Z", "level": "INFO", "logger": "RentalMiddleware", "component": "Synchronization", "message": "Invoice sync error: RentAsst API at http://localhost:8000/api/invoice returned invalid non-JSON response (Status 200): <html><body><div id=\"root\"></div></body></html>"}
{"timestamp": "2026-08-07T09:27:03Z", "level": "INFO", "logger": "RentalMiddleware", "component": "Queue", "message": "Job #4 ('invoices') failed with transient error: RentAsst API at http://localhost:8000/api/invoice returned invalid non-JSON response (Status 200): <html><body><div id=\"root\"></div></body></html>. Retrying in 300s.", "duration_ms": 6513.754606246948, "metadata": {"error": "RentAsst API at http://localhost:8000/api/invoice returned invalid non-JSON response (Status 200): <html><body><div id=\"root\"></div></body></html>", "next_attempt": 1}}
{"timestamp": "2026-08-07T09:28:18Z", "level": "INFO", "logger": "RentalMiddleware", "component": "Scheduler", "message": "Sync scheduler stopped."}
{"timestamp": "2026-08-07T09:28:18Z", "level": "INFO", "logger": "RentalMiddleware", "component": "Queue", "message": "Background Queue Worker thread stopped."}
{"timestamp": "2026-08-07T09:28:19Z", "level": "INFO", "logger": "RentalMiddleware", "component": "Queue", "message": "Background Queue Worker thread started."}
{"timestamp": "2026-08-07T09:28:19Z", "level": "INFO", "logger": "RentalMiddleware", "component": "Scheduler", "message": "Sync scheduler started with 10 minute interval."}
{"timestamp": "2026-08-07T09:28:51Z", "level": "INFO", "logger": "RentalMiddleware", "component": "Queue", "message": "Worker claimed job #2 for entity 'equipment' (Attempt 2/3)"}
{"timestamp": "2026-08-07T09:28:51Z", "level": "INFO", "logger": "RentalMiddleware", "component": "Synchronization", "message": "Equipment sync error: RentAsst API at http://localhost:8000/api/asset HTTP 500 Error: {     \"message\": \"SQLSTATE[42P01]: Undefined table: 7 ERROR:  relation \\\"assets\\\" does not exist\\nLINE 1: ...iscount_slab_ids\\\", \\\"assets\\\".\\\"skip_inventory\\\" from \\\"assets\\\" w...\\n"}
{"timestamp": "2026-08-07T09:28:51Z", "level": "INFO", "logger": "RentalMiddleware", "component": "Queue", "message": "Job #2 ('equipment') failed with transient error: RentAsst API at http://localhost:8000/api/asset HTTP 500 Error: {     \"message\": \"SQLSTATE[42P01]: Undefined table: 7 ERROR:  relation \\\"assets\\\" does not exist\\nLINE 1: ...iscount_slab_ids\\\", \\\"assets\\\".\\\"skip_inventory\\\" from \\\"assets\\\" w...\\n. Retrying in 900s.", "duration_ms": 312.3922348022461, "metadata": {"error": "RentAsst API at http://localhost:8000/api/asset HTTP 500 Error: {     \"message\": \"SQLSTATE[42P01]: Undefined table: 7 ERROR:  relation \\\"assets\\\" does not exist\\nLINE 1: ...iscount_slab_ids\\\", \\\"assets\\\".\\\"skip_inventory\\\" from \\\"assets\\\" w...\\n", "next_attempt": 2}}
{"timestamp": "2026-08-07T09:28:58Z", "level": "INFO", "logger": "RentalMiddleware", "component": "Queue", "message": "Worker claimed job #5 for entity 'payments' (Attempt 2/3)"}
{"timestamp": "2026-08-07T09:28:58Z", "level": "INFO", "logger": "RentalMiddleware", "component": "Synchronization", "message": "Payment sync error: RentAsst API at http://localhost:8000/api/payment HTTP 500 Error: {     \"message\": \"SQLSTATE[42P01]: Undefined table: 7 ERROR:  relation \\\"rent_payments\\\" does not exist\\nLINE 1: ... \\\"refund_payment_id\\\", \\\"created_at\\\", \\\"upi_id\\\" from \\\"rent_paym...\\n"}
{"timestamp": "2026-08-07T09:28:58Z", "level": "INFO", "logger": "RentalMiddleware", "component": "Queue", "message": "Job #5 ('payments') failed with transient error: RentAsst API at http://localhost:8000/api/payment HTTP 500 Error: {     \"message\": \"SQLSTATE[42P01]: Undefined table: 7 ERROR:  relation \\\"rent_payments\\\" does not exist\\nLINE 1: ... \\\"refund_payment_id\\\", \\\"created_at\\\", \\\"upi_id\\\" from \\\"rent_paym...\\n. Retrying in 900s.", "duration_ms": 253.50308418273926, "metadata": {"error": "RentAsst API at http://localhost:8000/api/payment HTTP 500 Error: {     \"message\": \"SQLSTATE[42P01]: Undefined table: 7 ERROR:  relation \\\"rent_payments\\\" does not exist\\nLINE 1: ... \\\"refund_payment_id\\\", \\\"created_at\\\", \\\"upi_id\\\" from \\\"rent_paym...\\n", "next_attempt": 2}}
{"timestamp": "2026-08-07T09:29:02Z", "level": "INFO", "logger": "RentalMiddleware", "component": "Queue", "message": "Worker claimed job #1 for entity 'customers' (Attempt 2/3)"}
{"timestamp": "2026-08-07T09:29:02Z", "level": "INFO", "logger": "RentalMiddleware", "component": "Synchronization", "message": "Customer sync error: RentAsst API at http://localhost:8000/api/customer HTTP 500 Error: {     \"message\": \"SQLSTATE[42P01]: Undefined table: 7 ERROR:  relation \\\"customers\\\" does not exist\\nLINE 1: select count(*) as aggregate from \\\"customers\\\" where \\\"is_veri...\\n"}
{"timestamp": "2026-08-07T09:29:02Z", "level": "INFO", "logger": "RentalMiddleware", "component": "Queue", "message": "Job #1 ('customers') failed with transient error: RentAsst API at http://localhost:8000/api/customer HTTP 500 Error: {     \"message\": \"SQLSTATE[42P01]: Undefined table: 7 ERROR:  relation \\\"customers\\\" does not exist\\nLINE 1: select count(*) as aggregate from \\\"customers\\\" where \\\"is_veri...\\n. Retrying in 900s.", "duration_ms": 260.22815704345703, "metadata": {"error": "RentAsst API at http://localhost:8000/api/customer HTTP 500 Error: {     \"message\": \"SQLSTATE[42P01]: Undefined table: 7 ERROR:  relation \\\"customers\\\" does not exist\\nLINE 1: select count(*) as aggregate from \\\"customers\\\" where \\\"is_veri...\\n", "next_attempt": 2}}
{"timestamp": "2026-08-07T09:29:04Z", "level": "INFO", "logger": "RentalMiddleware", "component": "Queue", "message": "Worker claimed job #3 for entity 'rental_orders' (Attempt 2/3)"}
{"timestamp": "2026-08-07T09:29:04Z", "level": "INFO", "logger": "RentalMiddleware", "component": "Synchronization", "message": "Rental_order sync error: RentAsst API at http://localhost:8000/api/rent HTTP 500 Error: {     \"message\": \"Method App\\\\Http\\\\Controllers\\\\API\\\\Business\\\\RentController::index does not exist.\",     \"exception\": \"BadMethodCallException\",     \"file\": \"C:\\\\RentAsst\\\\RentalApi\\\\vendor\\\\larave"}
{"timestamp": "2026-08-07T09:29:04Z", "level": "INFO", "logger": "RentalMiddleware", "component": "Queue", "message": "Job #3 ('rental_orders') failed with transient error: RentAsst API at http://localhost:8000/api/rent HTTP 500 Error: {     \"message\": \"Method App\\\\Http\\\\Controllers\\\\API\\\\Business\\\\RentController::index does not exist.\",     \"exception\": \"BadMethodCallException\",     \"file\": \"C:\\\\RentAsst\\\\RentalApi\\\\vendor\\\\larave. Retrying in 900s.", "duration_ms": 288.5589599609375, "metadata": {"error": "RentAsst API at http://localhost:8000/api/rent HTTP 500 Error: {     \"message\": \"Method App\\\\Http\\\\Controllers\\\\API\\\\Business\\\\RentController::index does not exist.\",     \"exception\": \"BadMethodCallException\",     \"file\": \"C:\\\\RentAsst\\\\RentalApi\\\\vendor\\\\larave", "next_attempt": 2}}
{"timestamp": "2026-08-07T09:29:33Z", "level": "INFO", "logger": "RentalMiddleware", "component": "Scheduler", "message": "Manual sync triggered for ['customers', 'equipment', 'rental_orders', 'invoices', 'payments']. Enqueued 0 jobs."}
{"timestamp": "2026-08-07T09:30:19Z", "level": "INFO", "logger": "RentalMiddleware", "component": "Synchronization", "message": "Customer sync error: RentAsst API at http://localhost:8000/api/customer HTTP 500 Error: {     \"message\": \"SQLSTATE[42P01]: Undefined table: 7 ERROR:  relation \\\"customers\\\" does not exist\\nLINE 1: select count(*) as aggregate from \\\"customers\\\" where \\\"is_veri...\\n"}
{"timestamp": "2026-08-07T09:30:21Z", "level": "INFO", "logger": "RentalMiddleware", "component": "Synchronization", "message": "Equipment sync error: RentAsst API at http://localhost:8000/api/asset HTTP 500 Error: {     \"message\": \"SQLSTATE[42P01]: Undefined table: 7 ERROR:  relation \\\"assets\\\" does not exist\\nLINE 1: ...iscount_slab_ids\\\", \\\"assets\\\".\\\"skip_inventory\\\" from \\\"assets\\\" w...\\n"}
{"timestamp": "2026-08-07T09:30:24Z", "level": "INFO", "logger": "RentalMiddleware", "component": "Synchronization", "message": "Rental_order sync error: RentAsst API at http://localhost:8000/api/rent HTTP 500 Error: {     \"message\": \"Method App\\\\Http\\\\Controllers\\\\API\\\\Business\\\\RentController::index does not exist.\",     \"exception\": \"BadMethodCallException\",     \"file\": \"C:\\\\RentAsst\\\\RentalApi\\\\vendor\\\\larave"}
{"timestamp": "2026-08-07T09:32:03Z", "level": "INFO", "logger": "RentalMiddleware", "component": "Queue", "message": "Worker claimed job #4 for entity 'invoices' (Attempt 2/3)"}
{"timestamp": "2026-08-07T09:32:04Z", "level": "INFO", "logger": "RentalMiddleware", "component": "Synchronization", "message": "Invoice sync error: RentAsst API at http://localhost:8000/api/invoices HTTP 500 Error: {     \"message\": \"SQLSTATE[42P01]: Undefined table: 7 ERROR:  relation \\\"invoices\\\" does not exist\\nLINE 1: select count(*) as aggregate from \\\"invoices\\\" where \\\"document...\\n"}
{"timestamp": "2026-08-07T09:32:04Z", "level": "INFO", "logger": "RentalMiddleware", "component": "Queue", "message": "Job #4 ('invoices') failed with transient error: RentAsst API at http://localhost:8000/api/invoices HTTP 500 Error: {     \"message\": \"SQLSTATE[42P01]: Undefined table: 7 ERROR:  relation \\\"invoices\\\" does not exist\\nLINE 1: select count(*) as aggregate from \\\"invoices\\\" where \\\"document...\\n. Retrying in 900s.", "duration_ms": 320.7254409790039, "metadata": {"error": "RentAsst API at http://localhost:8000/api/invoices HTTP 500 Error: {     \"message\": \"SQLSTATE[42P01]: Undefined table: 7 ERROR:  relation \\\"invoices\\\" does not exist\\nLINE 1: select count(*) as aggregate from \\\"invoices\\\" where \\\"document...\\n", "next_attempt": 2}}
{"timestamp": "2026-08-07T09:33:22Z", "level": "INFO", "logger": "RentalMiddleware", "component": "Scheduler", "message": "Sync scheduler stopped."}
{"timestamp": "2026-08-07T09:33:22Z", "level": "INFO", "logger": "RentalMiddleware", "component": "Queue", "message": "Background Queue Worker thread stopped."}
{"timestamp": "2026-08-07T09:33:23Z", "level": "INFO", "logger": "RentalMiddleware", "component": "Queue", "message": "Background Queue Worker thread started."}
{"timestamp": "2026-08-07T09:33:23Z", "level": "INFO", "logger": "RentalMiddleware", "component": "Scheduler", "message": "Sync scheduler started with 10 minute interval."}
{"timestamp": "2026-08-07T09:33:28Z", "level": "INFO", "logger": "RentalMiddleware", "component": "Scheduler", "message": "Sync scheduler stopped."}
{"timestamp": "2026-08-07T09:33:29Z", "level": "INFO", "logger": "RentalMiddleware", "component": "Queue", "message": "Background Queue Worker thread stopped."}
{"timestamp": "2026-08-07T09:33:30Z", "level": "INFO", "logger": "RentalMiddleware", "component": "Queue", "message": "Background Queue Worker thread started."}
{"timestamp": "2026-08-07T09:33:30Z", "level": "INFO", "logger": "RentalMiddleware", "component": "Scheduler", "message": "Sync scheduler started with 10 minute interval."}
{"timestamp": "2026-08-07T09:33:58Z", "level": "INFO", "logger": "RentalMiddleware", "component": "Discovery", "message": "Auto-discovered RentAsst config at C:\\RentAsst\\RentalApi\\.env (Tenant: B100001)"}
{"timestamp": "2026-08-07T09:34:29Z", "level": "INFO", "logger": "RentalMiddleware", "component": "Synchronization", "message": "Customer sync error: no such column: tally_guid"}
{"timestamp": "2026-08-07T09:34:47Z", "level": "INFO", "logger": "RentalMiddleware", "component": "Scheduler", "message": "Sync scheduler stopped."}
{"timestamp": "2026-08-07T09:34:47Z", "level": "INFO", "logger": "RentalMiddleware", "component": "Queue", "message": "Background Queue Worker thread stopped."}
{"timestamp": "2026-08-07T09:34:48Z", "level": "INFO", "logger": "RentalMiddleware", "component": "Queue", "message": "Background Queue Worker thread started."}
{"timestamp": "2026-08-07T09:34:48Z", "level": "INFO", "logger": "RentalMiddleware", "component": "Scheduler", "message": "Sync scheduler started with 10 minute interval."}
{"timestamp": "2026-08-07T09:35:27Z", "level": "INFO", "logger": "RentalMiddleware", "component": "Synchronization", "message": "Customer sync error: no such column: sync_version"}
{"timestamp": "2026-08-07T09:35:30Z", "level": "INFO", "logger": "RentalMiddleware", "component": "Performance", "message": "Equipment batch sync completed: {'processed': 0, 'created': 0, 'updated': 0, 'failed': 0, 'skipped': 0}", "duration_ms": 517.7533626556396, "metadata": {"entity_type": "equipment", "stats": {"processed": 0, "created": 0, "updated": 0, "failed": 0, "skipped": 0}}}
{"timestamp": "2026-08-07T09:35:32Z", "level": "INFO", "logger": "RentalMiddleware", "component": "Synchronization", "message": "Rental_order sync error: RentAsst API at http://localhost:8000/api/rent HTTP 500 Error: {     \"message\": \"Method App\\\\Http\\\\Controllers\\\\API\\\\Business\\\\RentController::index does not exist.\",     \"exception\": \"BadMethodCallException\",     \"file\": \"C:\\\\RentAsst\\\\RentalApi\\\\vendor\\\\larave"}
{"timestamp": "2026-08-07T09:35:34Z", "level": "INFO", "logger": "RentalMiddleware", "component": "Performance", "message": "Invoice batch sync completed: {'processed': 0, 'created': 0, 'updated': 0, 'failed': 0, 'skipped': 0}", "duration_ms": 308.8526725769043, "metadata": {"entity_type": "invoice", "stats": {"processed": 0, "created": 0, "updated": 0, "failed": 0, "skipped": 0}}}
{"timestamp": "2026-08-07T09:35:37Z", "level": "INFO", "logger": "RentalMiddleware", "component": "Performance", "message": "Payment batch sync completed: {'processed': 0, 'created': 0, 'updated': 0, 'failed': 0, 'skipped': 0}", "duration_ms": 340.2705192565918, "metadata": {"entity_type": "payment", "stats": {"processed": 0, "created": 0, "updated": 0, "failed": 0, "skipped": 0}}}
{"timestamp": "2026-08-07T09:35:44Z", "level": "INFO", "logger": "RentalMiddleware", "component": "Scheduler", "message": "Sync scheduler stopped."}
{"timestamp": "2026-08-07T09:35:45Z", "level": "INFO", "logger": "RentalMiddleware", "component": "Queue", "message": "Background Queue Worker thread stopped."}
{"timestamp": "2026-08-07T09:35:45Z", "level": "INFO", "logger": "RentalMiddleware", "component": "Queue", "message": "Background Queue Worker thread started."}
{"timestamp": "2026-08-07T09:35:45Z", "level": "INFO", "logger": "RentalMiddleware", "component": "Scheduler", "message": "Sync scheduler started with 10 minute interval."}
{"timestamp": "2026-08-07T09:35:49Z", "level": "INFO", "logger": "RentalMiddleware", "component": "Scheduler", "message": "Sync scheduler stopped."}
{"timestamp": "2026-08-07T09:35:49Z", "level": "INFO", "logger": "RentalMiddleware", "component": "Queue", "message": "Background Queue Worker thread stopped."}
{"timestamp": "2026-08-07T09:35:50Z", "level": "INFO", "logger": "RentalMiddleware", "component": "Queue", "message": "Background Queue Worker thread started."}
{"timestamp": "2026-08-07T09:35:50Z", "level": "INFO", "logger": "RentalMiddleware", "component": "Scheduler", "message": "Sync scheduler started with 10 minute interval."}
{"timestamp": "2026-08-07T09:36:12Z", "level": "INFO", "logger": "RentalMiddleware", "component": "Performance", "message": "Customer batch sync completed: {'processed': 1, 'created': 1, 'updated': 0, 'failed': 0, 'skipped': 0}", "duration_ms": 648.1137275695801, "metadata": {"entity_type": "customer", "stats": {"processed": 1, "created": 1, "updated": 0, "failed": 0, "skipped": 0}}}
{"timestamp": "2026-08-07T09:36:15Z", "level": "INFO", "logger": "RentalMiddleware", "component": "Performance", "message": "Equipment batch sync completed: {'processed': 0, 'created': 0, 'updated': 0, 'failed': 0, 'skipped': 0}", "duration_ms": 443.50147247314453, "metadata": {"entity_type": "equipment", "stats": {"processed": 0, "created": 0, "updated": 0, "failed": 0, "skipped": 0}}}
{"timestamp": "2026-08-07T09:36:19Z", "level": "INFO", "logger": "RentalMiddleware", "component": "Synchronization", "message": "Rental_order sync error: RentAsst API at http://localhost:8000/api/rental-orders returned invalid non-JSON response (Status 200): <html><body><div id=\"root\"></div></body></html>"}
{"timestamp": "2026-08-07T09:36:22Z", "level": "INFO", "logger": "RentalMiddleware", "component": "Performance", "message": "Invoice batch sync completed: {'processed': 0, 'created': 0, 'updated': 0, 'failed': 0, 'skipped': 0}", "duration_ms": 298.22230339050293, "metadata": {"entity_type": "invoice", "stats": {"processed": 0, "created": 0, "updated": 0, "failed": 0, "skipped": 0}}}
{"timestamp": "2026-08-07T09:36:24Z", "level": "INFO", "logger": "RentalMiddleware", "component": "Performance", "message": "Payment batch sync completed: {'processed': 0, 'created': 0, 'updated': 0, 'failed': 0, 'skipped': 0}", "duration_ms": 305.3097724914551, "metadata": {"entity_type": "payment", "stats": {"processed": 0, "created": 0, "updated": 0, "failed": 0, "skipped": 0}}}
{"timestamp": "2026-08-07T09:36:31Z", "level": "INFO", "logger": "RentalMiddleware", "component": "Scheduler", "message": "Sync scheduler stopped."}
{"timestamp": "2026-08-07T09:36:31Z", "level": "INFO", "logger": "RentalMiddleware", "component": "Queue", "message": "Background Queue Worker thread stopped."}
{"timestamp": "2026-08-07T09:36:32Z", "level": "INFO", "logger": "RentalMiddleware", "component": "Queue", "message": "Background Queue Worker thread started."}
{"timestamp": "2026-08-07T09:36:32Z", "level": "INFO", "logger": "RentalMiddleware", "component": "Scheduler", "message": "Sync scheduler started with 10 minute interval."}
{"timestamp": "2026-08-07T09:36:48Z", "level": "INFO", "logger": "RentalMiddleware", "component": "Performance", "message": "Customer batch sync completed: {'processed': 1, 'created': 0, 'updated': 0, 'failed': 0, 'skipped': 1}", "duration_ms": 388.3662223815918, "metadata": {"entity_type": "customer", "stats": {"processed": 1, "created": 0, "updated": 0, "failed": 0, "skipped": 1}}}
{"timestamp": "2026-08-07T09:36:51Z", "level": "INFO", "logger": "RentalMiddleware", "component": "Performance", "message": "Equipment batch sync completed: {'processed': 0, 'created': 0, 'updated': 0, 'failed': 0, 'skipped': 0}", "duration_ms": 491.18661880493164, "metadata": {"entity_type": "equipment", "stats": {"processed": 0, "created": 0, "updated": 0, "failed": 0, "skipped": 0}}}
{"timestamp": "2026-08-07T09:36:53Z", "level": "INFO", "logger": "RentalMiddleware", "component": "Synchronization", "message": "Rental_order sync error: RentAsst API at http://localhost:8000/api/rent HTTP 500 Error: {     \"message\": \"Method App\\\\Http\\\\Controllers\\\\API\\\\Business\\\\RentController::index does not exist.\",     \"exception\": \"BadMethodCallException\",     \"file\": \"C:\\\\RentAsst\\\\RentalApi\\\\vendor\\\\larave"}
{"timestamp": "2026-08-07T09:36:56Z", "level": "INFO", "logger": "RentalMiddleware", "component": "Performance", "message": "Invoice batch sync completed: {'processed': 0, 'created': 0, 'updated': 0, 'failed': 0, 'skipped': 0}", "duration_ms": 294.1882610321045, "metadata": {"entity_type": "invoice", "stats": {"processed": 0, "created": 0, "updated": 0, "failed": 0, "skipped": 0}}}
{"timestamp": "2026-08-07T09:36:58Z", "level": "INFO", "logger": "RentalMiddleware", "component": "Performance", "message": "Payment batch sync completed: {'processed': 0, 'created': 0, 'updated': 0, 'failed': 0, 'skipped': 0}", "duration_ms": 330.13081550598145, "metadata": {"entity_type": "payment", "stats": {"processed": 0, "created": 0, "updated": 0, "failed": 0, "skipped": 0}}}
{"timestamp": "2026-08-07T09:37:32Z", "level": "INFO", "logger": "RentalMiddleware", "component": "Scheduler", "message": "Sync scheduler stopped."}
{"timestamp": "2026-08-07T09:37:32Z", "level": "INFO", "logger": "RentalMiddleware", "component": "Queue", "message": "Background Queue Worker thread stopped."}
{"timestamp": "2026-08-07T09:37:33Z", "level": "INFO", "logger": "RentalMiddleware", "component": "Queue", "message": "Background Queue Worker thread started."}
{"timestamp": "2026-08-07T09:37:33Z", "level": "INFO", "logger": "RentalMiddleware", "component": "Scheduler", "message": "Sync scheduler started with 10 minute interval."}
{"timestamp": "2026-08-07T09:37:48Z", "level": "INFO", "logger": "RentalMiddleware", "component": "Performance", "message": "Customer batch sync completed: {'processed': 1, 'created': 0, 'updated': 0, 'failed': 0, 'skipped': 1}", "duration_ms": 388.5648250579834, "metadata": {"entity_type": "customer", "stats": {"processed": 1, "created": 0, "updated": 0, "failed": 0, "skipped": 1}}}
{"timestamp": "2026-08-07T09:37:50Z", "level": "INFO", "logger": "RentalMiddleware", "component": "Performance", "message": "Equipment batch sync completed: {'processed': 0, 'created': 0, 'updated': 0, 'failed': 0, 'skipped': 0}", "duration_ms": 468.7056541442871, "metadata": {"entity_type": "equipment", "stats": {"processed": 0, "created": 0, "updated": 0, "failed": 0, "skipped": 0}}}
{"timestamp": "2026-08-07T09:37:52Z", "level": "INFO", "logger": "RentalMiddleware", "component": "Performance", "message": "Rental_order batch sync completed: {'processed': 0, 'created': 0, 'updated': 0, 'failed': 0, 'skipped': 0}", "duration_ms": 303.84159088134766, "metadata": {"entity_type": "rental_order", "stats": {"processed": 0, "created": 0, "updated": 0, "failed": 0, "skipped": 0}}}
{"timestamp": "2026-08-07T09:37:55Z", "level": "INFO", "logger": "RentalMiddleware", "component": "Performance", "message": "Invoice batch sync completed: {'processed': 0, 'created': 0, 'updated': 0, 'failed': 0, 'skipped': 0}", "duration_ms": 289.9975776672363, "metadata": {"entity_type": "invoice", "stats": {"processed": 0, "created": 0, "updated": 0, "failed": 0, "skipped": 0}}}
{"timestamp": "2026-08-07T09:37:57Z", "level": "INFO", "logger": "RentalMiddleware", "component": "Performance", "message": "Payment batch sync completed: {'processed': 0, 'created': 0, 'updated': 0, 'failed': 0, 'skipped': 0}", "duration_ms": 284.30795669555664, "metadata": {"entity_type": "payment", "stats": {"processed": 0, "created": 0, "updated": 0, "failed": 0, "skipped": 0}}}
{"timestamp": "2026-08-07T09:38:22Z", "level": "INFO", "logger": "RentalMiddleware", "component": "Scheduler", "message": "Sync scheduler paused."}
{"timestamp": "2026-08-07T09:38:24Z", "level": "INFO", "logger": "RentalMiddleware", "component": "Scheduler", "message": "Sync scheduler resumed."}
{"timestamp": "2026-08-07T09:38:33Z", "level": "INFO", "logger": "RentalMiddleware", "component": "Performance", "message": "Customer batch sync completed: {'processed': 1, 'created': 0, 'updated': 0, 'failed': 0, 'skipped': 1}", "duration_ms": 2159.3682765960693, "metadata": {"entity_type": "customer", "stats": {"processed": 1, "created": 0, "updated": 0, "failed": 0, "skipped": 1}}}
{"timestamp": "2026-08-07T09:41:51Z", "level": "INFO", "logger": "RentalMiddleware", "component": "Scheduler", "message": "Sync scheduler stopped."}
{"timestamp": "2026-08-07T09:41:51Z", "level": "INFO", "logger": "RentalMiddleware", "component": "Queue", "message": "Background Queue Worker thread stopped."}
{"timestamp": "2026-08-07T09:41:52Z", "level": "INFO", "logger": "RentalMiddleware", "component": "Queue", "message": "Background Queue Worker thread started."}
{"timestamp": "2026-08-07T09:41:52Z", "level": "INFO", "logger": "RentalMiddleware", "component": "Scheduler", "message": "Sync scheduler started with 10 minute interval."}
{"timestamp": "2026-08-07T09:42:04Z", "level": "INFO", "logger": "RentalMiddleware", "component": "Scheduler", "message": "Sync scheduler stopped."}
{"timestamp": "2026-08-07T09:42:05Z", "level": "INFO", "logger": "RentalMiddleware", "component": "Queue", "message": "Background Queue Worker thread stopped."}
{"timestamp": "2026-08-07T09:42:05Z", "level": "INFO", "logger": "RentalMiddleware", "component": "Queue", "message": "Background Queue Worker thread started."}
{"timestamp": "2026-08-07T09:42:05Z", "level": "INFO", "logger": "RentalMiddleware", "component": "Scheduler", "message": "Sync scheduler started with 10 minute interval."}
{"timestamp": "2026-08-07T09:42:35Z", "level": "INFO", "logger": "RentalMiddleware", "component": "Performance", "message": "Customer batch sync completed: {'processed': 1, 'created': 1, 'updated': 0, 'failed': 0, 'skipped': 0}", "duration_ms": 912.9531383514404, "metadata": {"entity_type": "customer", "stats": {"processed": 1, "created": 1, "updated": 0, "failed": 0, "skipped": 0}}}
{"timestamp": "2026-08-07T09:43:51Z", "level": "INFO", "logger": "RentalMiddleware", "component": "Queue", "message": "Worker claimed job #2 for entity 'equipment' (Attempt 3/3)"}
{"timestamp": "2026-08-07T09:43:53Z", "level": "INFO", "logger": "RentalMiddleware", "component": "Performance", "message": "Equipment batch sync completed: {'processed': 0, 'created': 0, 'updated': 0, 'failed': 0, 'skipped': 0}", "duration_ms": 2641.1373615264893, "metadata": {"entity_type": "equipment", "stats": {"processed": 0, "created": 0, "updated": 0, "failed": 0, "skipped": 0}}}
{"timestamp": "2026-08-07T09:43:53Z", "level": "INFO", "logger": "RentalMiddleware", "component": "Queue", "message": "Job #2 ('equipment') completed successfully", "duration_ms": 2664.865255355835}
{"timestamp": "2026-08-07T09:43:58Z", "level": "INFO", "logger": "RentalMiddleware", "component": "Queue", "message": "Worker claimed job #5 for entity 'payments' (Attempt 3/3)"}
{"timestamp": "2026-08-07T09:43:59Z", "level": "INFO", "logger": "RentalMiddleware", "component": "Performance", "message": "Payment batch sync completed: {'processed': 0, 'created': 0, 'updated': 0, 'failed': 0, 'skipped': 0}", "duration_ms": 1444.1254138946533, "metadata": {"entity_type": "payment", "stats": {"processed": 0, "created": 0, "updated": 0, "failed": 0, "skipped": 0}}}
{"timestamp": "2026-08-07T09:43:59Z", "level": "INFO", "logger": "RentalMiddleware", "component": "Queue", "message": "Job #5 ('payments') completed successfully", "duration_ms": 1470.6573486328125}
{"timestamp": "2026-08-07T09:44:02Z", "level": "INFO", "logger": "RentalMiddleware", "component": "Queue", "message": "Worker claimed job #1 for entity 'customers' (Attempt 3/3)"}
{"timestamp": "2026-08-07T09:44:03Z", "level": "INFO", "logger": "RentalMiddleware", "component": "Performance", "message": "Customer batch sync completed: {'processed': 1, 'created': 0, 'updated': 0, 'failed': 0, 'skipped': 1}", "duration_ms": 965.6643867492676, "metadata": {"entity_type": "customer", "stats": {"processed": 1, "created": 0, "updated": 0, "failed": 0, "skipped": 1}}}
{"timestamp": "2026-08-07T09:44:03Z", "level": "INFO", "logger": "RentalMiddleware", "component": "Queue", "message": "Job #1 ('customers') completed successfully", "duration_ms": 986.7246150970459}
{"timestamp": "2026-08-07T09:44:04Z", "level": "INFO", "logger": "RentalMiddleware", "component": "Queue", "message": "Worker claimed job #3 for entity 'rental_orders' (Attempt 3/3)"}
{"timestamp": "2026-08-07T09:44:05Z", "level": "INFO", "logger": "RentalMiddleware", "component": "Performance", "message": "Rental_order batch sync completed: {'processed': 0, 'created': 0, 'updated': 0, 'failed': 0, 'skipped': 0}", "duration_ms": 1866.222620010376, "metadata": {"entity_type": "rental_order", "stats": {"processed": 0, "created": 0, "updated": 0, "failed": 0, "skipped": 0}}}
{"timestamp": "2026-08-07T09:44:05Z", "level": "INFO", "logger": "RentalMiddleware", "component": "Queue", "message": "Job #3 ('rental_orders') completed successfully", "duration_ms": 1896.5742588043213}
{"timestamp": "2026-08-07T09:45:11Z", "level": "INFO", "logger": "RentalMiddleware", "component": "Performance", "message": "Customer batch sync completed: {'processed': 1, 'created': 0, 'updated': 1, 'failed': 0, 'skipped': 0}", "duration_ms": 3892.2934532165527, "metadata": {"entity_type": "customer", "stats": {"processed": 1, "created": 0, "updated": 1, "failed": 0, "skipped": 0}}}
{"timestamp": "2026-08-07T09:47:04Z", "level": "INFO", "logger": "RentalMiddleware", "component": "Queue", "message": "Worker claimed job #4 for entity 'invoices' (Attempt 3/3)"}
{"timestamp": "2026-08-07T09:47:05Z", "level": "INFO", "logger": "RentalMiddleware", "component": "Performance", "message": "Invoice batch sync completed: {'processed': 0, 'created': 0, 'updated': 0, 'failed': 0, 'skipped': 0}", "duration_ms": 1114.6581172943115, "metadata": {"entity_type": "invoice", "stats": {"processed": 0, "created": 0, "updated": 0, "failed": 0, "skipped": 0}}}
{"timestamp": "2026-08-07T09:47:05Z", "level": "INFO", "logger": "RentalMiddleware", "component": "Queue", "message": "Job #4 ('invoices') completed successfully", "duration_ms": 1155.4856300354004}
{"timestamp": "2026-08-07T09:47:23Z", "level": "INFO", "logger": "RentalMiddleware", "component": "Performance", "message": "Customer batch sync completed: {'processed': 0, 'created': 0, 'updated': 0, 'failed': 0, 'skipped': 0}", "duration_ms": 724.9705791473389, "metadata": {"entity_type": "customer", "stats": {"processed": 0, "created": 0, "updated": 0, "failed": 0, "skipped": 0}}}
{"timestamp": "2026-08-07T09:47:33Z", "level": "INFO", "logger": "RentalMiddleware", "component": "Performance", "message": "Customer batch sync completed: {'processed': 0, 'created': 0, 'updated': 0, 'failed': 0, 'skipped': 0}", "duration_ms": 1149.026870727539, "metadata": {"entity_type": "customer", "stats": {"processed": 0, "created": 0, "updated": 0, "failed": 0, "skipped": 0}}}
{"timestamp": "2026-08-07T09:52:05Z", "level": "INFO", "logger": "RentalMiddleware", "component": "Scheduler", "message": "Executing scheduled sync job enqueue..."}
{"timestamp": "2026-08-07T09:52:05Z", "level": "INFO", "logger": "RentalMiddleware", "component": "Scheduler", "message": "Scheduled enqueue completed. Enqueued 5 entity jobs."}
{"timestamp": "2026-08-07T09:52:06Z", "level": "INFO", "logger": "RentalMiddleware", "component": "Queue", "message": "Worker claimed job #6 for entity 'customers' (Attempt 1/3)"}
{"timestamp": "2026-08-07T09:52:06Z", "level": "INFO", "logger": "RentalMiddleware", "component": "Queue", "message": "Worker claimed job #7 for entity 'equipment' (Attempt 1/3)"}
{"timestamp": "2026-08-07T09:52:06Z", "level": "INFO", "logger": "RentalMiddleware", "component": "Queue", "message": "Worker claimed job #8 for entity 'rental_orders' (Attempt 1/3)"}
{"timestamp": "2026-08-07T09:52:06Z", "level": "INFO", "logger": "RentalMiddleware", "component": "Queue", "message": "Worker claimed job #9 for entity 'invoices' (Attempt 1/3)"}
{"timestamp": "2026-08-07T09:52:06Z", "level": "INFO", "logger": "RentalMiddleware", "component": "Performance", "message": "Invoice batch sync completed: {'processed': 0, 'created': 0, 'updated': 0, 'failed': 0, 'skipped': 0}", "duration_ms": 396.3034152984619, "metadata": {"entity_type": "invoice", "stats": {"processed": 0, "created": 0, "updated": 0, "failed": 0, "skipped": 0}}}
{"timestamp": "2026-08-07T09:52:06Z", "level": "INFO", "logger": "RentalMiddleware", "component": "Queue", "message": "Job #9 ('invoices') completed successfully", "duration_ms": 413.4848117828369}
{"timestamp": "2026-08-07T09:52:06Z", "level": "INFO", "logger": "RentalMiddleware", "component": "Queue", "message": "Worker claimed job #10 for entity 'payments' (Attempt 1/3)"}
{"timestamp": "2026-08-07T09:52:07Z", "level": "INFO", "logger": "RentalMiddleware", "component": "Performance", "message": "Rental_order batch sync completed: {'processed': 0, 'created': 0, 'updated': 0, 'failed': 0, 'skipped': 0}", "duration_ms": 686.4893436431885, "metadata": {"entity_type": "rental_order", "stats": {"processed": 0, "created": 0, "updated": 0, "failed": 0, "skipped": 0}}}
{"timestamp": "2026-08-07T09:52:07Z", "level": "INFO", "logger": "RentalMiddleware", "component": "Queue", "message": "Job #8 ('rental_orders') completed successfully", "duration_ms": 706.7465782165527}
{"timestamp": "2026-08-07T09:52:07Z", "level": "INFO", "logger": "RentalMiddleware", "component": "Synchronization", "message": "Failed to sync equipment 1: Tally XML Import Error: Stock Group 'Primary' does not exist!", "metadata": {"entity_type": "equipment", "item_id": "1"}}
{"timestamp": "2026-08-07T09:52:07Z", "level": "INFO", "logger": "RentalMiddleware", "component": "Performance", "message": "Equipment batch sync completed: {'processed': 1, 'created': 0, 'updated': 0, 'failed': 1, 'skipped': 0}", "duration_ms": 1258.716344833374, "metadata": {"entity_type": "equipment", "stats": {"processed": 1, "created": 0, "updated": 0, "failed": 1, "skipped": 0}}}
{"timestamp": "2026-08-07T09:52:07Z", "level": "INFO", "logger": "RentalMiddleware", "component": "Queue", "message": "Job #7 ('equipment') completed successfully", "duration_ms": 1300.79984664917}
{"timestamp": "2026-08-07T09:52:08Z", "level": "INFO", "logger": "RentalMiddleware", "component": "Performance", "message": "Payment batch sync completed: {'processed': 0, 'created': 0, 'updated': 0, 'failed': 0, 'skipped': 0}", "duration_ms": 1483.598232269287, "metadata": {"entity_type": "payment", "stats": {"processed": 0, "created": 0, "updated": 0, "failed": 0, "skipped": 0}}}
{"timestamp": "2026-08-07T09:52:08Z", "level": "INFO", "logger": "RentalMiddleware", "component": "Queue", "message": "Job #10 ('payments') completed successfully", "duration_ms": 1492.286205291748}
{"timestamp": "2026-08-07T09:52:11Z", "level": "INFO", "logger": "RentalMiddleware", "component": "Performance", "message": "Customer batch sync completed: {'processed': 1, 'created': 1, 'updated': 0, 'failed': 0, 'skipped': 0}", "duration_ms": 4742.1770095825195, "metadata": {"entity_type": "customer", "stats": {"processed": 1, "created": 1, "updated": 0, "failed": 0, "skipped": 0}}}
{"timestamp": "2026-08-07T09:52:11Z", "level": "INFO", "logger": "RentalMiddleware", "component": "Queue", "message": "Job #6 ('customers') completed successfully", "duration_ms": 4766.712665557861}
{"timestamp": "2026-08-07T09:53:10Z", "level": "INFO", "logger": "RentalMiddleware", "component": "Scheduler", "message": "Sync scheduler stopped."}
{"timestamp": "2026-08-07T09:53:11Z", "level": "INFO", "logger": "RentalMiddleware", "component": "Queue", "message": "Background Queue Worker thread stopped."}
{"timestamp": "2026-08-07T09:53:12Z", "level": "INFO", "logger": "RentalMiddleware", "component": "Queue", "message": "Background Queue Worker thread started."}
{"timestamp": "2026-08-07T09:53:12Z", "level": "INFO", "logger": "RentalMiddleware", "component": "Scheduler", "message": "Sync scheduler started with 10 minute interval."}
{"timestamp": "2026-08-07T09:54:09Z", "level": "INFO", "logger": "RentalMiddleware", "component": "Synchronization", "message": "Failed to sync equipment 1: Tally XML Import Error: Stock Group 'Primary' does not exist!", "metadata": {"entity_type": "equipment", "item_id": "1"}}
{"timestamp": "2026-08-07T09:54:09Z", "level": "INFO", "logger": "RentalMiddleware", "component": "Performance", "message": "Equipment batch sync completed: {'processed': 1, 'created': 0, 'updated': 0, 'failed': 1, 'skipped': 0}", "duration_ms": 2313.941717147827, "metadata": {"entity_type": "equipment", "stats": {"processed": 1, "created": 0, "updated": 0, "failed": 1, "skipped": 0}}}
{"timestamp": "2026-08-07T09:54:26Z", "level": "INFO", "logger": "RentalMiddleware", "component": "Scheduler", "message": "Sync scheduler stopped."}
{"timestamp": "2026-08-07T09:54:27Z", "level": "INFO", "logger": "RentalMiddleware", "component": "Queue", "message": "Background Queue Worker thread stopped."}
{"timestamp": "2026-08-07T09:54:28Z", "level": "INFO", "logger": "RentalMiddleware", "component": "Queue", "message": "Background Queue Worker thread started."}
{"timestamp": "2026-08-07T09:54:28Z", "level": "INFO", "logger": "RentalMiddleware", "component": "Scheduler", "message": "Sync scheduler started with 10 minute interval."}
{"timestamp": "2026-08-07T09:54:43Z", "level": "INFO", "logger": "RentalMiddleware", "component": "Synchronization", "message": "Failed to sync equipment 1: Tally XML Import Error: Stock Group 'Primary' does not exist!", "metadata": {"entity_type": "equipment", "item_id": "1"}}
{"timestamp": "2026-08-07T09:54:43Z", "level": "INFO", "logger": "RentalMiddleware", "component": "Performance", "message": "Equipment batch sync completed: {'processed': 1, 'created': 0, 'updated': 0, 'failed': 1, 'skipped': 0}", "duration_ms": 484.2531681060791, "metadata": {"entity_type": "equipment", "stats": {"processed": 1, "created": 0, "updated": 0, "failed": 1, "skipped": 0}}}
{"timestamp": "2026-08-07T09:56:38Z", "level": "INFO", "logger": "RentalMiddleware", "component": "Scheduler", "message": "Sync scheduler stopped."}
{"timestamp": "2026-08-07T09:56:39Z", "level": "INFO", "logger": "RentalMiddleware", "component": "Queue", "message": "Background Queue Worker thread stopped."}
{"timestamp": "2026-08-07T09:56:40Z", "level": "INFO", "logger": "RentalMiddleware", "component": "Queue", "message": "Background Queue Worker thread started."}
{"timestamp": "2026-08-07T09:56:40Z", "level": "INFO", "logger": "RentalMiddleware", "component": "Scheduler", "message": "Sync scheduler started with 10 minute interval."}
{"timestamp": "2026-08-07T09:57:01Z", "level": "INFO", "logger": "RentalMiddleware", "component": "Performance", "message": "Customer batch sync completed: {'processed': 1, 'created': 1, 'updated': 0, 'failed': 0, 'skipped': 0}", "duration_ms": 830.9643268585205, "metadata": {"entity_type": "customer", "stats": {"processed": 1, "created": 1, "updated": 0, "failed": 0, "skipped": 0}}}
{"timestamp": "2026-08-07T09:57:03Z", "level": "INFO", "logger": "RentalMiddleware", "component": "Performance", "message": "Equipment batch sync completed: {'processed': 1, 'created': 1, 'updated': 0, 'failed': 0, 'skipped': 0}", "duration_ms": 719.426155090332, "metadata": {"entity_type": "equipment", "stats": {"processed": 1, "created": 1, "updated": 0, "failed": 0, "skipped": 0}}}
{"timestamp": "2026-08-07T09:57:06Z", "level": "INFO", "logger": "RentalMiddleware", "component": "Performance", "message": "Rental_order batch sync completed: {'processed': 0, 'created': 0, 'updated': 0, 'failed': 0, 'skipped': 0}", "duration_ms": 351.11045837402344, "metadata": {"entity_type": "rental_order", "stats": {"processed": 0, "created": 0, "updated": 0, "failed": 0, "skipped": 0}}}
{"timestamp": "2026-08-07T09:57:10Z", "level": "INFO", "logger": "RentalMiddleware", "component": "Performance", "message": "Invoice batch sync completed: {'processed': 0, 'created': 0, 'updated': 0, 'failed': 0, 'skipped': 0}", "duration_ms": 1819.0059661865234, "metadata": {"entity_type": "invoice", "stats": {"processed": 0, "created": 0, "updated": 0, "failed": 0, "skipped": 0}}}
{"timestamp": "2026-08-07T09:57:12Z", "level": "INFO", "logger": "RentalMiddleware", "component": "Performance", "message": "Payment batch sync completed: {'processed': 0, 'created': 0, 'updated': 0, 'failed': 0, 'skipped': 0}", "duration_ms": 316.61534309387207, "metadata": {"entity_type": "payment", "stats": {"processed": 0, "created": 0, "updated": 0, "failed": 0, "skipped": 0}}}
{"timestamp": "2026-08-07T09:59:13Z", "level": "INFO", "logger": "RentalMiddleware", "component": "Scheduler", "message": "Sync scheduler stopped."}
{"timestamp": "2026-08-07T09:59:13Z", "level": "INFO", "logger": "RentalMiddleware", "component": "Queue", "message": "Background Queue Worker thread stopped."}
{"timestamp": "2026-08-07T09:59:14Z", "level": "INFO", "logger": "RentalMiddleware", "component": "Queue", "message": "Background Queue Worker thread started."}
{"timestamp": "2026-08-07T09:59:14Z", "level": "INFO", "logger": "RentalMiddleware", "component": "Scheduler", "message": "Sync scheduler started with 10 minute interval."}
{"timestamp": "2026-08-07T09:59:30Z", "level": "INFO", "logger": "RentalMiddleware", "component": "Performance", "message": "Customer batch sync completed: {'processed': 1, 'created': 1, 'updated': 0, 'failed': 0, 'skipped': 0}", "duration_ms": 1038.8128757476807, "metadata": {"entity_type": "customer", "stats": {"processed": 1, "created": 1, "updated": 0, "failed": 0, "skipped": 0}}}
{"timestamp": "2026-08-07T09:59:32Z", "level": "INFO", "logger": "RentalMiddleware", "component": "Performance", "message": "Equipment batch sync completed: {'processed': 1, 'created': 1, 'updated': 0, 'failed': 0, 'skipped': 0}", "duration_ms": 554.168701171875, "metadata": {"entity_type": "equipment", "stats": {"processed": 1, "created": 1, "updated": 0, "failed": 0, "skipped": 0}}}
{"timestamp": "2026-08-07T10:02:34Z", "level": "INFO", "logger": "RentalMiddleware", "component": "Scheduler", "message": "Sync scheduler stopped."}
{"timestamp": "2026-08-07T10:02:34Z", "level": "INFO", "logger": "RentalMiddleware", "component": "Queue", "message": "Background Queue Worker thread stopped."}
{"timestamp": "2026-08-07T10:02:37Z", "level": "INFO", "logger": "RentalMiddleware", "component": "Queue", "message": "Background Queue Worker thread started."}
{"timestamp": "2026-08-07T10:02:37Z", "level": "INFO", "logger": "RentalMiddleware", "component": "Scheduler", "message": "Sync scheduler started with 10 minute interval."}
{"timestamp": "2026-08-07T10:04:31Z", "level": "INFO", "logger": "RentalMiddleware", "component": "Performance", "message": "Customer batch sync completed: {'processed': 1, 'created': 0, 'updated': 1, 'failed': 0, 'skipped': 0}", "duration_ms": 2975.7843017578125, "metadata": {"entity_type": "customer", "stats": {"processed": 1, "created": 0, "updated": 1, "failed": 0, "skipped": 0}}}
{"timestamp": "2026-08-07T10:04:54Z", "level": "INFO", "logger": "RentalMiddleware", "component": "Performance", "message": "Equipment batch sync completed: {'processed': 1, 'created': 0, 'updated': 0, 'failed': 0, 'skipped': 1}", "duration_ms": 2014.336347579956, "metadata": {"entity_type": "equipment", "stats": {"processed": 1, "created": 0, "updated": 0, "failed": 0, "skipped": 1}}}
{"timestamp": "2026-08-07T10:05:16Z", "level": "INFO", "logger": "RentalMiddleware", "component": "Performance", "message": "Invoice batch sync completed: {'processed': 0, 'created': 0, 'updated': 0, 'failed': 0, 'skipped': 0}", "duration_ms": 483.0129146575928, "metadata": {"entity_type": "invoice", "stats": {"processed": 0, "created": 0, "updated": 0, "failed": 0, "skipped": 0}}}
{"timestamp": "2026-08-07T10:12:09Z", "level": "INFO", "logger": "RentalMiddleware", "component": "Performance", "message": "Customer batch sync completed: {'processed': 1, 'created': 0, 'updated': 0, 'failed': 0, 'skipped': 1}", "duration_ms": 3987.949848175049, "metadata": {"entity_type": "customer", "stats": {"processed": 1, "created": 0, "updated": 0, "failed": 0, "skipped": 1}}}
{"timestamp": "2026-08-07T10:12:24Z", "level": "INFO", "logger": "RentalMiddleware", "component": "Performance", "message": "Equipment batch sync completed: {'processed': 2, 'created': 1, 'updated': 0, 'failed': 0, 'skipped': 1}", "duration_ms": 2529.9227237701416, "metadata": {"entity_type": "equipment", "stats": {"processed": 2, "created": 1, "updated": 0, "failed": 0, "skipped": 1}}}
{"timestamp": "2026-08-07T10:12:37Z", "level": "INFO", "logger": "RentalMiddleware", "component": "Scheduler", "message": "Executing scheduled sync job enqueue..."}
{"timestamp": "2026-08-07T10:12:37Z", "level": "INFO", "logger": "RentalMiddleware", "component": "Scheduler", "message": "Scheduled enqueue completed. Enqueued 5 entity jobs."}
{"timestamp": "2026-08-07T10:12:37Z", "level": "INFO", "logger": "RentalMiddleware", "component": "Queue", "message": "Worker claimed job #11 for entity 'customers' (Attempt 1/3)"}
{"timestamp": "2026-08-07T10:12:37Z", "level": "INFO", "logger": "RentalMiddleware", "component": "Queue", "message": "Worker claimed job #12 for entity 'equipment' (Attempt 1/3)"}
{"timestamp": "2026-08-07T10:12:37Z", "level": "INFO", "logger": "RentalMiddleware", "component": "Queue", "message": "Worker claimed job #13 for entity 'rental_orders' (Attempt 1/3)"}
{"timestamp": "2026-08-07T10:12:37Z", "level": "INFO", "logger": "RentalMiddleware", "component": "Queue", "message": "Worker claimed job #14 for entity 'invoices' (Attempt 1/3)"}
{"timestamp": "2026-08-07T10:12:39Z", "level": "INFO", "logger": "RentalMiddleware", "component": "Performance", "message": "Equipment batch sync completed: {'processed': 2, 'created': 0, 'updated': 0, 'failed': 0, 'skipped': 2}", "duration_ms": 2097.0606803894043, "metadata": {"entity_type": "equipment", "stats": {"processed": 2, "created": 0, "updated": 0, "failed": 0, "skipped": 2}}}
{"timestamp": "2026-08-07T10:12:39Z", "level": "INFO", "logger": "RentalMiddleware", "component": "Queue", "message": "Job #12 ('equipment') completed successfully", "duration_ms": 2127.946138381958}
{"timestamp": "2026-08-07T10:12:39Z", "level": "INFO", "logger": "RentalMiddleware", "component": "Queue", "message": "Worker claimed job #15 for entity 'payments' (Attempt 1/3)"}
{"timestamp": "2026-08-07T10:12:40Z", "level": "INFO", "logger": "RentalMiddleware", "component": "Performance", "message": "Invoice batch sync completed: {'processed': 0, 'created': 0, 'updated': 0, 'failed': 0, 'skipped': 0}", "duration_ms": 2662.1439456939697, "metadata": {"entity_type": "invoice", "stats": {"processed": 0, "created": 0, "updated": 0, "failed": 0, "skipped": 0}}}
{"timestamp": "2026-08-07T10:12:40Z", "level": "INFO", "logger": "RentalMiddleware", "component": "Queue", "message": "Job #14 ('invoices') completed successfully", "duration_ms": 2688.6496543884277}
{"timestamp": "2026-08-07T10:12:42Z", "level": "INFO", "logger": "RentalMiddleware", "component": "Synchronization", "message": "Failed to sync rental_order 1: Tally XML Import Error: Voucher date is missing for: 'Sales Order' voucher Q100001.  Verify the data, resolve errors (if any) and retry Split.", "metadata": {"entity_type": "rental_order", "item_id": "1"}}
{"timestamp": "2026-08-07T10:12:42Z", "level": "INFO", "logger": "RentalMiddleware", "component": "Performance", "message": "Rental_order batch sync completed: {'processed': 1, 'created': 0, 'updated': 0, 'failed': 1, 'skipped': 0}", "duration_ms": 4263.517618179321, "metadata": {"entity_type": "rental_order", "stats": {"processed": 1, "created": 0, "updated": 0, "failed": 1, "skipped": 0}}}
{"timestamp": "2026-08-07T10:12:42Z", "level": "INFO", "logger": "RentalMiddleware", "component": "Queue", "message": "Job #13 ('rental_orders') completed successfully", "duration_ms": 4315.516471862793}
{"timestamp": "2026-08-07T10:12:45Z", "level": "INFO", "logger": "RentalMiddleware", "component": "Synchronization", "message": "Failed to sync payment 1: Tally XML Import Error: Ledger 'Cash/Bank' does not exist!", "metadata": {"entity_type": "payment", "item_id": "1"}}
{"timestamp": "2026-08-07T10:12:45Z", "level": "INFO", "logger": "RentalMiddleware", "component": "Performance", "message": "Payment batch sync completed: {'processed': 1, 'created': 0, 'updated': 0, 'failed': 1, 'skipped': 0}", "duration_ms": 5287.485599517822, "metadata": {"entity_type": "payment", "stats": {"processed": 1, "created": 0, "updated": 0, "failed": 1, "skipped": 0}}}
{"timestamp": "2026-08-07T10:12:45Z", "level": "INFO", "logger": "RentalMiddleware", "component": "Queue", "message": "Job #15 ('payments') completed successfully", "duration_ms": 5311.868667602539}
{"timestamp": "2026-08-07T10:12:45Z", "level": "INFO", "logger": "RentalMiddleware", "component": "Performance", "message": "Customer batch sync completed: {'processed': 1, 'created': 0, 'updated': 0, 'failed': 0, 'skipped': 1}", "duration_ms": 7888.127565383911, "metadata": {"entity_type": "customer", "stats": {"processed": 1, "created": 0, "updated": 0, "failed": 0, "skipped": 1}}}
{"timestamp": "2026-08-07T10:12:45Z", "level": "INFO", "logger": "RentalMiddleware", "component": "Queue", "message": "Job #11 ('customers') completed successfully", "duration_ms": 7931.2379360198975}
{"timestamp": "2026-08-07T10:16:29Z", "level": "INFO", "logger": "RentalMiddleware", "component": "Synchronization", "message": "Failed to sync payment 1: Tally XML Import Error: Ledger 'Cash/Bank' does not exist!", "metadata": {"entity_type": "payment", "item_id": "1"}}
{"timestamp": "2026-08-07T10:16:30Z", "level": "INFO", "logger": "RentalMiddleware", "component": "Synchronization", "message": "Failed to sync payment 2: Tally XML Import Error: Ledger 'Cash/Bank' does not exist!", "metadata": {"entity_type": "payment", "item_id": "2"}}
{"timestamp": "2026-08-07T10:16:30Z", "level": "INFO", "logger": "RentalMiddleware", "component": "Performance", "message": "Payment batch sync completed: {'processed': 2, 'created': 0, 'updated': 0, 'failed': 2, 'skipped': 0}", "duration_ms": 1856.785535812378, "metadata": {"entity_type": "payment", "stats": {"processed": 2, "created": 0, "updated": 0, "failed": 2, "skipped": 0}}}
{"timestamp": "2026-08-07T10:16:32Z", "level": "INFO", "logger": "RentalMiddleware", "component": "Synchronization", "message": "Failed to sync invoice 1: Tally XML Import Error: Voucher date is missing for: 'Sales' voucher 0.  Verify the data, resolve errors (if any) and retry Split.", "metadata": {"entity_type": "invoice", "item_id": "1"}}
{"timestamp": "2026-08-07T10:16:32Z", "level": "INFO", "logger": "RentalMiddleware", "component": "Performance", "message": "Invoice batch sync completed: {'processed': 1, 'created': 0, 'updated': 0, 'failed': 1, 'skipped': 0}", "duration_ms": 2595.3991413116455, "metadata": {"entity_type": "invoice", "stats": {"processed": 1, "created": 0, "updated": 0, "failed": 1, "skipped": 0}}}
{"timestamp": "2026-08-07T10:17:13Z", "level": "INFO", "logger": "RentalMiddleware", "component": "Synchronization", "message": "Failed to sync invoice 1: Tally XML Import Error: Voucher date is missing for: 'Sales' voucher 0.  Verify the data, resolve errors (if any) and retry Split.", "metadata": {"entity_type": "invoice", "item_id": "1"}}
{"timestamp": "2026-08-07T10:17:13Z", "level": "INFO", "logger": "RentalMiddleware", "component": "Performance", "message": "Invoice batch sync completed: {'processed': 1, 'created': 0, 'updated': 0, 'failed': 1, 'skipped': 0}", "duration_ms": 1640.9592628479004, "metadata": {"entity_type": "invoice", "stats": {"processed": 1, "created": 0, "updated": 0, "failed": 1, "skipped": 0}}}
{"timestamp": "2026-08-07T10:17:23Z", "level": "INFO", "logger": "RentalMiddleware", "component": "Synchronization", "message": "Failed to sync payment 1: Tally XML Import Error: Ledger 'Cash/Bank' does not exist!", "metadata": {"entity_type": "payment", "item_id": "1"}}
{"timestamp": "2026-08-07T10:17:24Z", "level": "INFO", "logger": "RentalMiddleware", "component": "Synchronization", "message": "Failed to sync payment 2: Tally XML Import Error: Ledger 'Cash/Bank' does not exist!", "metadata": {"entity_type": "payment", "item_id": "2"}}
{"timestamp": "2026-08-07T10:17:24Z", "level": "INFO", "logger": "RentalMiddleware", "component": "Performance", "message": "Payment batch sync completed: {'processed': 2, 'created': 0, 'updated': 0, 'failed': 2, 'skipped': 0}", "duration_ms": 1972.3882675170898, "metadata": {"entity_type": "payment", "stats": {"processed": 2, "created": 0, "updated": 0, "failed": 2, "skipped": 0}}}
{"timestamp": "2026-08-07T10:20:54Z", "level": "INFO", "logger": "RentalMiddleware", "component": "Scheduler", "message": "Sync scheduler stopped."}
{"timestamp": "2026-08-07T10:20:55Z", "level": "INFO", "logger": "RentalMiddleware", "component": "Queue", "message": "Background Queue Worker thread stopped."}
{"timestamp": "2026-08-07T10:20:57Z", "level": "INFO", "logger": "RentalMiddleware", "component": "Queue", "message": "Background Queue Worker thread started."}
{"timestamp": "2026-08-07T10:20:57Z", "level": "INFO", "logger": "RentalMiddleware", "component": "Scheduler", "message": "Sync scheduler started with 10 minute interval."}
{"timestamp": "2026-08-07T10:21:52Z", "level": "INFO", "logger": "RentalMiddleware", "component": "Queue", "message": "Background Queue Worker thread started."}
{"timestamp": "2026-08-07T10:21:52Z", "level": "INFO", "logger": "RentalMiddleware", "component": "Scheduler", "message": "Sync scheduler started with 10 minute interval."}
{"timestamp": "2026-08-07T10:22:10Z", "level": "INFO", "logger": "RentalMiddleware", "component": "Performance", "message": "Equipment batch sync completed: {'processed': 2, 'created': 0, 'updated': 0, 'failed': 0, 'skipped': 2}", "duration_ms": 1258.0790519714355, "metadata": {"entity_type": "equipment", "stats": {"processed": 2, "created": 0, "updated": 0, "failed": 0, "skipped": 2}}}
{"timestamp": "2026-08-07T10:22:21Z", "level": "INFO", "logger": "RentalMiddleware", "component": "Synchronization", "message": "Failed to sync invoice 1: HTTPConnectionPool(host='localhost', port=9000): Max retries exceeded with url: / (Caused by NewConnectionError(\"HTTPConnection(host='localhost', port=9000): Failed to establish a new connection: [WinError 10061] No connection could be made because the target machine actively refused it\"))", "metadata": {"entity_type": "invoice", "item_id": "1"}}
{"timestamp": "2026-08-07T10:22:21Z", "level": "INFO", "logger": "RentalMiddleware", "component": "Performance", "message": "Invoice batch sync completed: {'processed': 1, 'created': 0, 'updated': 0, 'failed': 1, 'skipped': 0}", "duration_ms": 5013.696908950806, "metadata": {"entity_type": "invoice", "stats": {"processed": 1, "created": 0, "updated": 0, "failed": 1, "skipped": 0}}}
{"timestamp": "2026-08-07T10:22:43Z", "level": "INFO", "logger": "RentalMiddleware", "component": "Synchronization", "message": "Failed to sync payment 1: HTTPConnectionPool(host='localhost', port=9000): Max retries exceeded with url: / (Caused by NewConnectionError(\"HTTPConnection(host='localhost', port=9000): Failed to establish a new connection: [WinError 10061] No connection could be made because the target machine actively refused it\"))", "metadata": {"entity_type": "payment", "item_id": "1"}}
{"timestamp": "2026-08-07T10:22:47Z", "level": "INFO", "logger": "RentalMiddleware", "component": "Synchronization", "message": "Failed to sync payment 2: HTTPConnectionPool(host='localhost', port=9000): Max retries exceeded with url: / (Caused by NewConnectionError(\"HTTPConnection(host='localhost', port=9000): Failed to establish a new connection: [WinError 10061] No connection could be made because the target machine actively refused it\"))", "metadata": {"entity_type": "payment", "item_id": "2"}}
{"timestamp": "2026-08-07T10:22:47Z", "level": "INFO", "logger": "RentalMiddleware", "component": "Performance", "message": "Payment batch sync completed: {'processed': 2, 'created': 0, 'updated': 0, 'failed': 2, 'skipped': 0}", "duration_ms": 12756.870031356812, "metadata": {"entity_type": "payment", "stats": {"processed": 2, "created": 0, "updated": 0, "failed": 2, "skipped": 0}}}
{"timestamp": "2026-08-07T10:25:50Z", "level": "INFO", "logger": "RentalMiddleware", "component": "Scheduler", "message": "Sync scheduler stopped."}
{"timestamp": "2026-08-07T10:25:51Z", "level": "INFO", "logger": "RentalMiddleware", "component": "Queue", "message": "Background Queue Worker thread stopped."}
{"timestamp": "2026-08-07T10:25:52Z", "level": "INFO", "logger": "RentalMiddleware", "component": "Queue", "message": "Background Queue Worker thread started."}
{"timestamp": "2026-08-07T10:25:52Z", "level": "INFO", "logger": "RentalMiddleware", "component": "Scheduler", "message": "Sync scheduler started with 10 minute interval."}
